+----------------------------------------------------------------------------------------------------------------------------------------------------------------+
; Net Delay                                                                                                                                                      ;
+---------------+---------------+----------+---------------+-------------------------------------+--------------------------------------------------------+------+
; Name          ; Slack         ; Required ; Actual        ; From                                ; To                                                     ; Type ;
+---------------+---------------+----------+---------------+-------------------------------------+--------------------------------------------------------+------+
; set_net_delay ; No nets found ; 4.000    ; No nets found ; [get_registers {*source|encode_l*}] ; [get_registers {*frontend|*synchronized_encode.meta*}] ; max  ;
+---------------+---------------+----------+---------------+-------------------------------------+--------------------------------------------------------+------+
