----------------
; Command Info ;
----------------
Report Timing: Found 4 recovery paths (3 violated).  Worst case slack is -1.903 

Tcl Command:
    report_timing -recovery -file /tmp/acq-front-recovery.rpt -npaths 4 -detail full_path

Options:
    -recovery 
    -npaths 4 
    -detail full_path 
    -file {/tmp/acq-front-recovery.rpt} 

Delay Model:
    Slow 1200mV 85C Model

+-----------------------------------------------------------------------------------------------------------------------------------------------------------------------------------------------------------------------------------------------------------------------------------------------------------------------------------------------------------------------------------------------------------------+
; Summary of Paths                                                                                                                                                                                                                                                                                                                                                                                                ;
+--------+-----------------------------------------------------------------------------------------------+-------------------------------------------------------------------------------------------------------------------------------------------------------------------------------+---------------------------------------+---------------------------------------+--------------+------------+------------+
; Slack  ; From Node                                                                                     ; To Node                                                                                                                                                                       ; Launch Clock                          ; Latch Clock                           ; Relationship ; Clock Skew ; Data Delay ;
+--------+-----------------------------------------------------------------------------------------------+-------------------------------------------------------------------------------------------------------------------------------------------------------------------------------+---------------------------------------+---------------------------------------+--------------+------------+------------+
; -1.903 ; acq_profile_core:profile|core_reset_sync[1]                                                   ; acq_profile_core:profile|sram_acquisition_path:acquisition|sram_board_capture_path:backend|sram_capture_engine:engine|sram_host_path:host|sram_host_ownership:ownership|hr[1] ; clocks|pll|auto_generated|pll1|clk[0] ; host                                  ; 2.000        ; 2.872      ; 6.686      ;
; -1.834 ; acq_profile_core:profile|core_reset_sync[1]                                                   ; acq_profile_core:profile|sram_acquisition_path:acquisition|sram_board_capture_path:backend|sram_capture_engine:engine|sram_host_path:host|host_reset[1]                       ; clocks|pll|auto_generated|pll1|clk[0] ; host                                  ; 2.000        ; 2.590      ; 6.335      ;
; -1.834 ; acq_profile_core:profile|core_reset_sync[1]                                                   ; acq_profile_core:profile|sram_acquisition_path:acquisition|sram_board_capture_path:backend|sram_capture_engine:engine|sram_host_path:host|host_reset[0]                       ; clocks|pll|auto_generated|pll1|clk[0] ; host                                  ; 2.000        ; 2.590      ; 6.335      ;
; 0.329  ; acq_profile_core:profile|sram_acquisition_path:acquisition|sram_finite_writer:writer|reserved ; acq_profile_core:profile|sram_acquisition_path:acquisition|adc_acquisition_source:source|adc_interleave:frontend|pack_control.consume_s[0]                                    ; clocks|pll|auto_generated|pll1|clk[0] ; clocks|pll|auto_generated|pll1|clk[2] ; 4.000        ; 0.213      ; 3.885      ;
+--------+-----------------------------------------------------------------------------------------------+-------------------------------------------------------------------------------------------------------------------------------------------------------------------------------+---------------------------------------+---------------------------------------+--------------+------------+------------+

Path #1: Recovery slack is -1.903 (VIOLATED)
===============================================================================
+----------------------------------------------------------------------------------------------------------------------------------------------------------------------------------------------------+
; Path Summary                                                                                                                                                                                       ;
+--------------------+-------------------------------------------------------------------------------------------------------------------------------------------------------------------------------+
; Property           ; Value                                                                                                                                                                         ;
+--------------------+-------------------------------------------------------------------------------------------------------------------------------------------------------------------------------+
; From Node          ; acq_profile_core:profile|core_reset_sync[1]                                                                                                                                   ;
; To Node            ; acq_profile_core:profile|sram_acquisition_path:acquisition|sram_board_capture_path:backend|sram_capture_engine:engine|sram_host_path:host|sram_host_ownership:ownership|hr[1] ;
; Launch Clock       ; clocks|pll|auto_generated|pll1|clk[0]                                                                                                                                         ;
; Latch Clock        ; host                                                                                                                                                                          ;
; Data Arrival Time  ; 15.040                                                                                                                                                                        ;
; Data Required Time ; 13.137                                                                                                                                                                        ;
; Slack              ; -1.903 (VIOLATED)                                                                                                                                                             ;
+--------------------+-------------------------------------------------------------------------------------------------------------------------------------------------------------------------------+

+-------------------------------------------------------------------------------------+
; Statistics                                                                          ;
+------------------------+-------+-------+-------------+------------+--------+--------+
; Property               ; Value ; Count ; Total Delay ; % of Total ; Min    ; Max    ;
+------------------------+-------+-------+-------------+------------+--------+--------+
; Recovery Relationship  ; 2.000 ;       ;             ;            ;        ;        ;
; Clock Skew             ; 2.872 ;       ;             ;            ;        ;        ;
; Data Delay             ; 6.686 ;       ;             ;            ;        ;        ;
; Number of Logic Levels ;       ; 0     ;             ;            ;        ;        ;
; Physical Delays        ;       ;       ;             ;            ;        ;        ;
;  Arrival Path          ;       ;       ;             ;            ;        ;        ;
;   Clock                ;       ;       ;             ;            ;        ;        ;
;    IC                  ;       ; 4     ; 5.644       ; 80         ; 0.000  ; 2.340  ;
;    Cell                ;       ; 4     ; 1.426       ; 20         ; 0.000  ; 0.759  ;
;    PLL Compensation    ;       ; 1     ; -6.716      ; 0          ; -6.716 ; -6.716 ;
;   Data                 ;       ;       ;             ;            ;        ;        ;
;    IC                  ;       ; 1     ; 5.472       ; 82         ; 5.472  ; 5.472  ;
;    Cell                ;       ; 2     ; 0.953       ; 14         ; 0.000  ; 0.953  ;
;    uTco                ;       ; 1     ; 0.261       ; 4          ; 0.261  ; 0.261  ;
;  Required Path         ;       ;       ;             ;            ;        ;        ;
;   Clock                ;       ;       ;             ;            ;        ;        ;
;    IC                  ;       ; 2     ; 1.879       ; 58         ; 0.000  ; 1.879  ;
;    Cell                ;       ; 2     ; 1.347       ; 42         ; 0.618  ; 0.729  ;
+------------------------+-------+-------+-------------+------------+--------+--------+
Note: Negative delays are omitted from totals when calculating percentages

+----------------------------------------------------------------------------------------------------------------------------------------------------------------------------------------------------------------------------------------------+
; Data Arrival Path                                                                                                                                                                                                                            ;
+----------+----------+----+------+--------+-------------------+-------------------------------------------------------------------------------------------------------------------------------------------------------------------------------+
; Total    ; Incr     ; RF ; Type ; Fanout ; Location          ; Element                                                                                                                                                                       ;
+----------+----------+----+------+--------+-------------------+-------------------------------------------------------------------------------------------------------------------------------------------------------------------------------+
; 8.000    ; 8.000    ;    ;      ;        ;                   ; launch edge time                                                                                                                                                              ;
; 8.354    ; 0.354    ;    ;      ;        ;                   ; clock path                                                                                                                                                                    ;
;   8.000  ;   0.000  ;    ;      ;        ;                   ; source latency                                                                                                                                                                ;
;   8.000  ;   0.000  ;    ;      ; 1      ; PIN_M2            ; mclk_in                                                                                                                                                                       ;
;   8.000  ;   0.000  ; RR ; IC   ; 1      ; IOIBUF_X0_Y11_N15 ; mclk_in~input|i                                                                                                                                                               ;
;   8.759  ;   0.759  ; RR ; CELL ; 2      ; IOIBUF_X0_Y11_N15 ; mclk_in~input|o                                                                                                                                                               ;
;   11.095 ;   2.336  ; RR ; IC   ; 1      ; PLL_1             ; clocks|pll|auto_generated|pll1|inclk[0]                                                                                                                                       ;
;   4.379  ;   -6.716 ; RR ; COMP ; 3      ; PLL_1             ; clocks|pll|auto_generated|pll1|observablevcoout                                                                                                                               ;
;   4.379  ;   0.000  ; RR ; CELL ; 1      ; PLL_1             ; clocks|pll|auto_generated|pll1|clk[0]                                                                                                                                         ;
;   6.719  ;   2.340  ; RR ; IC   ; 1      ; CLKCTRL_G3        ; clocks|pll|auto_generated|clk[0]~clkctrl|inclk[0]                                                                                                                             ;
;   6.719  ;   0.000  ; RR ; CELL ; 4086   ; CLKCTRL_G3        ; clocks|pll|auto_generated|clk[0]~clkctrl|outclk                                                                                                                               ;
;   7.687  ;   0.968  ; RR ; IC   ; 1      ; FF_X14_Y11_N17    ; profile|core_reset_sync[1]|clk                                                                                                                                                ;
;   8.354  ;   0.667  ; RR ; CELL ; 1      ; FF_X14_Y11_N17    ; acq_profile_core:profile|core_reset_sync[1]                                                                                                                                   ;
; 15.040   ; 6.686    ;    ;      ;        ;                   ; data path                                                                                                                                                                     ;
;   8.615  ;   0.261  ;    ; uTco ; 1      ; FF_X14_Y11_N17    ; acq_profile_core:profile|core_reset_sync[1]                                                                                                                                   ;
;   8.615  ;   0.000  ; RR ; CELL ; 206    ; FF_X14_Y11_N17    ; profile|core_reset_sync[1]|q                                                                                                                                                  ;
;   14.087 ;   5.472  ; RR ; IC   ; 1      ; FF_X13_Y16_N1     ; profile|acquisition|backend|engine|host|ownership|hr[1]|clrn                                                                                                                  ;
;   15.040 ;   0.953  ; RR ; CELL ; 1      ; FF_X13_Y16_N1     ; acq_profile_core:profile|sram_acquisition_path:acquisition|sram_board_capture_path:backend|sram_capture_engine:engine|sram_host_path:host|sram_host_ownership:ownership|hr[1] ;
+----------+----------+----+------+--------+-------------------+-------------------------------------------------------------------------------------------------------------------------------------------------------------------------------+

+---------------------------------------------------------------------------------------------------------------------------------------------------------------------------------------------------------------------------------------------+
; Data Required Path                                                                                                                                                                                                                          ;
+----------+---------+----+------+--------+-------------------+-------------------------------------------------------------------------------------------------------------------------------------------------------------------------------+
; Total    ; Incr    ; RF ; Type ; Fanout ; Location          ; Element                                                                                                                                                                       ;
+----------+---------+----+------+--------+-------------------+-------------------------------------------------------------------------------------------------------------------------------------------------------------------------------+
; 10.000   ; 10.000  ;    ;      ;        ;                   ; latch edge time                                                                                                                                                               ;
; 13.226   ; 3.226   ;    ;      ;        ;                   ; clock path                                                                                                                                                                    ;
;   10.000 ;   0.000 ;    ;      ;        ;                   ; source latency                                                                                                                                                                ;
;   10.000 ;   0.000 ;    ;      ; 1      ; PIN_C2            ; clk                                                                                                                                                                           ;
;   10.000 ;   0.000 ; RR ; IC   ; 1      ; IOIBUF_X0_Y22_N15 ; clk~input|i                                                                                                                                                                   ;
;   10.729 ;   0.729 ; RR ; CELL ; 998    ; IOIBUF_X0_Y22_N15 ; clk~input|o                                                                                                                                                                   ;
;   12.608 ;   1.879 ; RR ; IC   ; 1      ; FF_X13_Y16_N1     ; profile|acquisition|backend|engine|host|ownership|hr[1]|clk                                                                                                                   ;
;   13.226 ;   0.618 ; RR ; CELL ; 1      ; FF_X13_Y16_N1     ; acq_profile_core:profile|sram_acquisition_path:acquisition|sram_board_capture_path:backend|sram_capture_engine:engine|sram_host_path:host|sram_host_ownership:ownership|hr[1] ;
; 13.116   ; -0.110  ;    ;      ;        ;                   ; clock uncertainty                                                                                                                                                             ;
; 13.137   ; 0.021   ;    ; uTsu ; 1      ; FF_X13_Y16_N1     ; acq_profile_core:profile|sram_acquisition_path:acquisition|sram_board_capture_path:backend|sram_capture_engine:engine|sram_host_path:host|sram_host_ownership:ownership|hr[1] ;
+----------+---------+----+------+--------+-------------------+-------------------------------------------------------------------------------------------------------------------------------------------------------------------------------+

----------------------------
; Extra Fitter Information ;
----------------------------
HTML report is unavailable in plain text report export.


Path #2: Recovery slack is -1.834 (VIOLATED)
===============================================================================
+------------------------------------------------------------------------------------------------------------------------------------------------------------------------------+
; Path Summary                                                                                                                                                                 ;
+--------------------+---------------------------------------------------------------------------------------------------------------------------------------------------------+
; Property           ; Value                                                                                                                                                   ;
+--------------------+---------------------------------------------------------------------------------------------------------------------------------------------------------+
; From Node          ; acq_profile_core:profile|core_reset_sync[1]                                                                                                             ;
; To Node            ; acq_profile_core:profile|sram_acquisition_path:acquisition|sram_board_capture_path:backend|sram_capture_engine:engine|sram_host_path:host|host_reset[1] ;
; Launch Clock       ; clocks|pll|auto_generated|pll1|clk[0]                                                                                                                   ;
; Latch Clock        ; host                                                                                                                                                    ;
; Data Arrival Time  ; 14.689                                                                                                                                                  ;
; Data Required Time ; 12.855                                                                                                                                                  ;
; Slack              ; -1.834 (VIOLATED)                                                                                                                                       ;
+--------------------+---------------------------------------------------------------------------------------------------------------------------------------------------------+

+-------------------------------------------------------------------------------------+
; Statistics                                                                          ;
+------------------------+-------+-------+-------------+------------+--------+--------+
; Property               ; Value ; Count ; Total Delay ; % of Total ; Min    ; Max    ;
+------------------------+-------+-------+-------------+------------+--------+--------+
; Recovery Relationship  ; 2.000 ;       ;             ;            ;        ;        ;
; Clock Skew             ; 2.590 ;       ;             ;            ;        ;        ;
; Data Delay             ; 6.335 ;       ;             ;            ;        ;        ;
; Number of Logic Levels ;       ; 0     ;             ;            ;        ;        ;
; Physical Delays        ;       ;       ;             ;            ;        ;        ;
;  Arrival Path          ;       ;       ;             ;            ;        ;        ;
;   Clock                ;       ;       ;             ;            ;        ;        ;
;    IC                  ;       ; 4     ; 5.644       ; 80         ; 0.000  ; 2.340  ;
;    Cell                ;       ; 4     ; 1.426       ; 20         ; 0.000  ; 0.759  ;
;    PLL Compensation    ;       ; 1     ; -6.716      ; 0          ; -6.716 ; -6.716 ;
;   Data                 ;       ;       ;             ;            ;        ;        ;
;    IC                  ;       ; 1     ; 5.121       ; 81         ; 5.121  ; 5.121  ;
;    Cell                ;       ; 2     ; 0.953       ; 15         ; 0.000  ; 0.953  ;
;    uTco                ;       ; 1     ; 0.261       ; 4          ; 0.261  ; 0.261  ;
;  Required Path         ;       ;       ;             ;            ;        ;        ;
;   Clock                ;       ;       ;             ;            ;        ;        ;
;    IC                  ;       ; 2     ; 1.597       ; 54         ; 0.000  ; 1.597  ;
;    Cell                ;       ; 2     ; 1.347       ; 46         ; 0.618  ; 0.729  ;
+------------------------+-------+-------+-------------+------------+--------+--------+
Note: Negative delays are omitted from totals when calculating percentages

+------------------------------------------------------------------------------------------------------------------------------------------------------------------------------------------------------------------------+
; Data Arrival Path                                                                                                                                                                                                      ;
+----------+----------+----+------+--------+-------------------+---------------------------------------------------------------------------------------------------------------------------------------------------------+
; Total    ; Incr     ; RF ; Type ; Fanout ; Location          ; Element                                                                                                                                                 ;
+----------+----------+----+------+--------+-------------------+---------------------------------------------------------------------------------------------------------------------------------------------------------+
; 8.000    ; 8.000    ;    ;      ;        ;                   ; launch edge time                                                                                                                                        ;
; 8.354    ; 0.354    ;    ;      ;        ;                   ; clock path                                                                                                                                              ;
;   8.000  ;   0.000  ;    ;      ;        ;                   ; source latency                                                                                                                                          ;
;   8.000  ;   0.000  ;    ;      ; 1      ; PIN_M2            ; mclk_in                                                                                                                                                 ;
;   8.000  ;   0.000  ; RR ; IC   ; 1      ; IOIBUF_X0_Y11_N15 ; mclk_in~input|i                                                                                                                                         ;
;   8.759  ;   0.759  ; RR ; CELL ; 2      ; IOIBUF_X0_Y11_N15 ; mclk_in~input|o                                                                                                                                         ;
;   11.095 ;   2.336  ; RR ; IC   ; 1      ; PLL_1             ; clocks|pll|auto_generated|pll1|inclk[0]                                                                                                                 ;
;   4.379  ;   -6.716 ; RR ; COMP ; 3      ; PLL_1             ; clocks|pll|auto_generated|pll1|observablevcoout                                                                                                         ;
;   4.379  ;   0.000  ; RR ; CELL ; 1      ; PLL_1             ; clocks|pll|auto_generated|pll1|clk[0]                                                                                                                   ;
;   6.719  ;   2.340  ; RR ; IC   ; 1      ; CLKCTRL_G3        ; clocks|pll|auto_generated|clk[0]~clkctrl|inclk[0]                                                                                                       ;
;   6.719  ;   0.000  ; RR ; CELL ; 4086   ; CLKCTRL_G3        ; clocks|pll|auto_generated|clk[0]~clkctrl|outclk                                                                                                         ;
;   7.687  ;   0.968  ; RR ; IC   ; 1      ; FF_X14_Y11_N17    ; profile|core_reset_sync[1]|clk                                                                                                                          ;
;   8.354  ;   0.667  ; RR ; CELL ; 1      ; FF_X14_Y11_N17    ; acq_profile_core:profile|core_reset_sync[1]                                                                                                             ;
; 14.689   ; 6.335    ;    ;      ;        ;                   ; data path                                                                                                                                               ;
;   8.615  ;   0.261  ;    ; uTco ; 1      ; FF_X14_Y11_N17    ; acq_profile_core:profile|core_reset_sync[1]                                                                                                             ;
;   8.615  ;   0.000  ; RR ; CELL ; 206    ; FF_X14_Y11_N17    ; profile|core_reset_sync[1]|q                                                                                                                            ;
;   13.736 ;   5.121  ; RR ; IC   ; 1      ; FF_X14_Y18_N5     ; profile|acquisition|backend|engine|host|host_reset[1]|clrn                                                                                              ;
;   14.689 ;   0.953  ; RR ; CELL ; 1      ; FF_X14_Y18_N5     ; acq_profile_core:profile|sram_acquisition_path:acquisition|sram_board_capture_path:backend|sram_capture_engine:engine|sram_host_path:host|host_reset[1] ;
+----------+----------+----+------+--------+-------------------+---------------------------------------------------------------------------------------------------------------------------------------------------------+

+-----------------------------------------------------------------------------------------------------------------------------------------------------------------------------------------------------------------------+
; Data Required Path                                                                                                                                                                                                    ;
+----------+---------+----+------+--------+-------------------+---------------------------------------------------------------------------------------------------------------------------------------------------------+
; Total    ; Incr    ; RF ; Type ; Fanout ; Location          ; Element                                                                                                                                                 ;
+----------+---------+----+------+--------+-------------------+---------------------------------------------------------------------------------------------------------------------------------------------------------+
; 10.000   ; 10.000  ;    ;      ;        ;                   ; latch edge time                                                                                                                                         ;
; 12.944   ; 2.944   ;    ;      ;        ;                   ; clock path                                                                                                                                              ;
;   10.000 ;   0.000 ;    ;      ;        ;                   ; source latency                                                                                                                                          ;
;   10.000 ;   0.000 ;    ;      ; 1      ; PIN_C2            ; clk                                                                                                                                                     ;
;   10.000 ;   0.000 ; RR ; IC   ; 1      ; IOIBUF_X0_Y22_N15 ; clk~input|i                                                                                                                                             ;
;   10.729 ;   0.729 ; RR ; CELL ; 998    ; IOIBUF_X0_Y22_N15 ; clk~input|o                                                                                                                                             ;
;   12.326 ;   1.597 ; RR ; IC   ; 1      ; FF_X14_Y18_N5     ; profile|acquisition|backend|engine|host|host_reset[1]|clk                                                                                               ;
;   12.944 ;   0.618 ; RR ; CELL ; 1      ; FF_X14_Y18_N5     ; acq_profile_core:profile|sram_acquisition_path:acquisition|sram_board_capture_path:backend|sram_capture_engine:engine|sram_host_path:host|host_reset[1] ;
; 12.834   ; -0.110  ;    ;      ;        ;                   ; clock uncertainty                                                                                                                                       ;
; 12.855   ; 0.021   ;    ; uTsu ; 1      ; FF_X14_Y18_N5     ; acq_profile_core:profile|sram_acquisition_path:acquisition|sram_board_capture_path:backend|sram_capture_engine:engine|sram_host_path:host|host_reset[1] ;
+----------+---------+----+------+--------+-------------------+---------------------------------------------------------------------------------------------------------------------------------------------------------+

----------------------------
; Extra Fitter Information ;
----------------------------
HTML report is unavailable in plain text report export.


Path #3: Recovery slack is -1.834 (VIOLATED)
===============================================================================
+------------------------------------------------------------------------------------------------------------------------------------------------------------------------------+
; Path Summary                                                                                                                                                                 ;
+--------------------+---------------------------------------------------------------------------------------------------------------------------------------------------------+
; Property           ; Value                                                                                                                                                   ;
+--------------------+---------------------------------------------------------------------------------------------------------------------------------------------------------+
; From Node          ; acq_profile_core:profile|core_reset_sync[1]                                                                                                             ;
; To Node            ; acq_profile_core:profile|sram_acquisition_path:acquisition|sram_board_capture_path:backend|sram_capture_engine:engine|sram_host_path:host|host_reset[0] ;
; Launch Clock       ; clocks|pll|auto_generated|pll1|clk[0]                                                                                                                   ;
; Latch Clock        ; host                                                                                                                                                    ;
; Data Arrival Time  ; 14.689                                                                                                                                                  ;
; Data Required Time ; 12.855                                                                                                                                                  ;
; Slack              ; -1.834 (VIOLATED)                                                                                                                                       ;
+--------------------+---------------------------------------------------------------------------------------------------------------------------------------------------------+

+-------------------------------------------------------------------------------------+
; Statistics                                                                          ;
+------------------------+-------+-------+-------------+------------+--------+--------+
; Property               ; Value ; Count ; Total Delay ; % of Total ; Min    ; Max    ;
+------------------------+-------+-------+-------------+------------+--------+--------+
; Recovery Relationship  ; 2.000 ;       ;             ;            ;        ;        ;
; Clock Skew             ; 2.590 ;       ;             ;            ;        ;        ;
; Data Delay             ; 6.335 ;       ;             ;            ;        ;        ;
; Number of Logic Levels ;       ; 0     ;             ;            ;        ;        ;
; Physical Delays        ;       ;       ;             ;            ;        ;        ;
;  Arrival Path          ;       ;       ;             ;            ;        ;        ;
;   Clock                ;       ;       ;             ;            ;        ;        ;
;    IC                  ;       ; 4     ; 5.644       ; 80         ; 0.000  ; 2.340  ;
;    Cell                ;       ; 4     ; 1.426       ; 20         ; 0.000  ; 0.759  ;
;    PLL Compensation    ;       ; 1     ; -6.716      ; 0          ; -6.716 ; -6.716 ;
;   Data                 ;       ;       ;             ;            ;        ;        ;
;    IC                  ;       ; 1     ; 5.121       ; 81         ; 5.121  ; 5.121  ;
;    Cell                ;       ; 2     ; 0.953       ; 15         ; 0.000  ; 0.953  ;
;    uTco                ;       ; 1     ; 0.261       ; 4          ; 0.261  ; 0.261  ;
;  Required Path         ;       ;       ;             ;            ;        ;        ;
;   Clock                ;       ;       ;             ;            ;        ;        ;
;    IC                  ;       ; 2     ; 1.597       ; 54         ; 0.000  ; 1.597  ;
;    Cell                ;       ; 2     ; 1.347       ; 46         ; 0.618  ; 0.729  ;
+------------------------+-------+-------+-------------+------------+--------+--------+
Note: Negative delays are omitted from totals when calculating percentages

+------------------------------------------------------------------------------------------------------------------------------------------------------------------------------------------------------------------------+
; Data Arrival Path                                                                                                                                                                                                      ;
+----------+----------+----+------+--------+-------------------+---------------------------------------------------------------------------------------------------------------------------------------------------------+
; Total    ; Incr     ; RF ; Type ; Fanout ; Location          ; Element                                                                                                                                                 ;
+----------+----------+----+------+--------+-------------------+---------------------------------------------------------------------------------------------------------------------------------------------------------+
; 8.000    ; 8.000    ;    ;      ;        ;                   ; launch edge time                                                                                                                                        ;
; 8.354    ; 0.354    ;    ;      ;        ;                   ; clock path                                                                                                                                              ;
;   8.000  ;   0.000  ;    ;      ;        ;                   ; source latency                                                                                                                                          ;
;   8.000  ;   0.000  ;    ;      ; 1      ; PIN_M2            ; mclk_in                                                                                                                                                 ;
;   8.000  ;   0.000  ; RR ; IC   ; 1      ; IOIBUF_X0_Y11_N15 ; mclk_in~input|i                                                                                                                                         ;
;   8.759  ;   0.759  ; RR ; CELL ; 2      ; IOIBUF_X0_Y11_N15 ; mclk_in~input|o                                                                                                                                         ;
;   11.095 ;   2.336  ; RR ; IC   ; 1      ; PLL_1             ; clocks|pll|auto_generated|pll1|inclk[0]                                                                                                                 ;
;   4.379  ;   -6.716 ; RR ; COMP ; 3      ; PLL_1             ; clocks|pll|auto_generated|pll1|observablevcoout                                                                                                         ;
;   4.379  ;   0.000  ; RR ; CELL ; 1      ; PLL_1             ; clocks|pll|auto_generated|pll1|clk[0]                                                                                                                   ;
;   6.719  ;   2.340  ; RR ; IC   ; 1      ; CLKCTRL_G3        ; clocks|pll|auto_generated|clk[0]~clkctrl|inclk[0]                                                                                                       ;
;   6.719  ;   0.000  ; RR ; CELL ; 4086   ; CLKCTRL_G3        ; clocks|pll|auto_generated|clk[0]~clkctrl|outclk                                                                                                         ;
;   7.687  ;   0.968  ; RR ; IC   ; 1      ; FF_X14_Y11_N17    ; profile|core_reset_sync[1]|clk                                                                                                                          ;
;   8.354  ;   0.667  ; RR ; CELL ; 1      ; FF_X14_Y11_N17    ; acq_profile_core:profile|core_reset_sync[1]                                                                                                             ;
; 14.689   ; 6.335    ;    ;      ;        ;                   ; data path                                                                                                                                               ;
;   8.615  ;   0.261  ;    ; uTco ; 1      ; FF_X14_Y11_N17    ; acq_profile_core:profile|core_reset_sync[1]                                                                                                             ;
;   8.615  ;   0.000  ; RR ; CELL ; 206    ; FF_X14_Y11_N17    ; profile|core_reset_sync[1]|q                                                                                                                            ;
;   13.736 ;   5.121  ; RR ; IC   ; 1      ; FF_X14_Y18_N9     ; profile|acquisition|backend|engine|host|host_reset[0]|clrn                                                                                              ;
;   14.689 ;   0.953  ; RR ; CELL ; 1      ; FF_X14_Y18_N9     ; acq_profile_core:profile|sram_acquisition_path:acquisition|sram_board_capture_path:backend|sram_capture_engine:engine|sram_host_path:host|host_reset[0] ;
+----------+----------+----+------+--------+-------------------+---------------------------------------------------------------------------------------------------------------------------------------------------------+

+-----------------------------------------------------------------------------------------------------------------------------------------------------------------------------------------------------------------------+
; Data Required Path                                                                                                                                                                                                    ;
+----------+---------+----+------+--------+-------------------+---------------------------------------------------------------------------------------------------------------------------------------------------------+
; Total    ; Incr    ; RF ; Type ; Fanout ; Location          ; Element                                                                                                                                                 ;
+----------+---------+----+------+--------+-------------------+---------------------------------------------------------------------------------------------------------------------------------------------------------+
; 10.000   ; 10.000  ;    ;      ;        ;                   ; latch edge time                                                                                                                                         ;
; 12.944   ; 2.944   ;    ;      ;        ;                   ; clock path                                                                                                                                              ;
;   10.000 ;   0.000 ;    ;      ;        ;                   ; source latency                                                                                                                                          ;
;   10.000 ;   0.000 ;    ;      ; 1      ; PIN_C2            ; clk                                                                                                                                                     ;
;   10.000 ;   0.000 ; RR ; IC   ; 1      ; IOIBUF_X0_Y22_N15 ; clk~input|i                                                                                                                                             ;
;   10.729 ;   0.729 ; RR ; CELL ; 998    ; IOIBUF_X0_Y22_N15 ; clk~input|o                                                                                                                                             ;
;   12.326 ;   1.597 ; RR ; IC   ; 1      ; FF_X14_Y18_N9     ; profile|acquisition|backend|engine|host|host_reset[0]|clk                                                                                               ;
;   12.944 ;   0.618 ; RR ; CELL ; 1      ; FF_X14_Y18_N9     ; acq_profile_core:profile|sram_acquisition_path:acquisition|sram_board_capture_path:backend|sram_capture_engine:engine|sram_host_path:host|host_reset[0] ;
; 12.834   ; -0.110  ;    ;      ;        ;                   ; clock uncertainty                                                                                                                                       ;
; 12.855   ; 0.021   ;    ; uTsu ; 1      ; FF_X14_Y18_N9     ; acq_profile_core:profile|sram_acquisition_path:acquisition|sram_board_capture_path:backend|sram_capture_engine:engine|sram_host_path:host|host_reset[0] ;
+----------+---------+----+------+--------+-------------------+---------------------------------------------------------------------------------------------------------------------------------------------------------+

----------------------------
; Extra Fitter Information ;
----------------------------
HTML report is unavailable in plain text report export.


Path #4: Recovery slack is 0.329 
===============================================================================
+-----------------------------------------------------------------------------------------------------------------------------------------------------------------+
; Path Summary                                                                                                                                                    ;
+--------------------+--------------------------------------------------------------------------------------------------------------------------------------------+
; Property           ; Value                                                                                                                                      ;
+--------------------+--------------------------------------------------------------------------------------------------------------------------------------------+
; From Node          ; acq_profile_core:profile|sram_acquisition_path:acquisition|sram_finite_writer:writer|reserved                                              ;
; To Node            ; acq_profile_core:profile|sram_acquisition_path:acquisition|adc_acquisition_source:source|adc_interleave:frontend|pack_control.consume_s[0] ;
; Launch Clock       ; clocks|pll|auto_generated|pll1|clk[0]                                                                                                      ;
; Latch Clock        ; clocks|pll|auto_generated|pll1|clk[2]                                                                                                      ;
; Data Arrival Time  ; 8.245                                                                                                                                      ;
; Data Required Time ; 8.574                                                                                                                                      ;
; Slack              ; 0.329                                                                                                                                      ;
+--------------------+--------------------------------------------------------------------------------------------------------------------------------------------+

+-------------------------------------------------------------------------------------+
; Statistics                                                                          ;
+------------------------+-------+-------+-------------+------------+--------+--------+
; Property               ; Value ; Count ; Total Delay ; % of Total ; Min    ; Max    ;
+------------------------+-------+-------+-------------+------------+--------+--------+
; Recovery Relationship  ; 4.000 ;       ;             ;            ;        ;        ;
; Clock Skew             ; 0.213 ;       ;             ;            ;        ;        ;
; Data Delay             ; 3.885 ;       ;             ;            ;        ;        ;
; Number of Logic Levels ;       ; 1     ;             ;            ;        ;        ;
; Physical Delays        ;       ;       ;             ;            ;        ;        ;
;  Arrival Path          ;       ;       ;             ;            ;        ;        ;
;   Clock                ;       ;       ;             ;            ;        ;        ;
;    IC                  ;       ; 4     ; 5.650       ; 80         ; 0.000  ; 2.340  ;
;    Cell                ;       ; 4     ; 1.426       ; 20         ; 0.000  ; 0.759  ;
;    PLL Compensation    ;       ; 1     ; -6.716      ; 0          ; -6.716 ; -6.716 ;
;   Data                 ;       ;       ;             ;            ;        ;        ;
;    IC                  ;       ; 2     ; 2.455       ; 63         ; 0.355  ; 2.100  ;
;    Cell                ;       ; 3     ; 1.169       ; 30         ; 0.000  ; 0.864  ;
;    uTco                ;       ; 1     ; 0.261       ; 7          ; 0.261  ; 0.261  ;
;  Required Path         ;       ;       ;             ;            ;        ;        ;
;   Clock                ;       ;       ;             ;            ;        ;        ;
;    IC                  ;       ; 4     ; 5.819       ; 81         ; 0.000  ; 2.246  ;
;    Cell                ;       ; 4     ; 1.377       ; 19         ; 0.000  ; 0.759  ;
;    PLL Compensation    ;       ; 1     ; -6.869      ; 0          ; -6.869 ; -6.869 ;
+------------------------+-------+-------+-------------+------------+--------+--------+
Note: Negative delays are omitted from totals when calculating percentages

+----------------------------------------------------------------------------------------------------------------------------------------------------------------------------------------------------------+
; Data Arrival Path                                                                                                                                                                                        ;
+---------+----------+----+------+--------+-------------------+--------------------------------------------------------------------------------------------------------------------------------------------+
; Total   ; Incr     ; RF ; Type ; Fanout ; Location          ; Element                                                                                                                                    ;
+---------+----------+----+------+--------+-------------------+--------------------------------------------------------------------------------------------------------------------------------------------+
; 4.000   ; 4.000    ;    ;      ;        ;                   ; launch edge time                                                                                                                           ;
; 4.360   ; 0.360    ;    ;      ;        ;                   ; clock path                                                                                                                                 ;
;   4.000 ;   0.000  ;    ;      ;        ;                   ; source latency                                                                                                                             ;
;   4.000 ;   0.000  ;    ;      ; 1      ; PIN_M2            ; mclk_in                                                                                                                                    ;
;   4.000 ;   0.000  ; RR ; IC   ; 1      ; IOIBUF_X0_Y11_N15 ; mclk_in~input|i                                                                                                                            ;
;   4.759 ;   0.759  ; RR ; CELL ; 2      ; IOIBUF_X0_Y11_N15 ; mclk_in~input|o                                                                                                                            ;
;   7.095 ;   2.336  ; RR ; IC   ; 1      ; PLL_1             ; clocks|pll|auto_generated|pll1|inclk[0]                                                                                                    ;
;   0.379 ;   -6.716 ; RR ; COMP ; 3      ; PLL_1             ; clocks|pll|auto_generated|pll1|observablevcoout                                                                                            ;
;   0.379 ;   0.000  ; RR ; CELL ; 1      ; PLL_1             ; clocks|pll|auto_generated|pll1|clk[0]                                                                                                      ;
;   2.719 ;   2.340  ; RR ; IC   ; 1      ; CLKCTRL_G3        ; clocks|pll|auto_generated|clk[0]~clkctrl|inclk[0]                                                                                          ;
;   2.719 ;   0.000  ; RR ; CELL ; 4086   ; CLKCTRL_G3        ; clocks|pll|auto_generated|clk[0]~clkctrl|outclk                                                                                            ;
;   3.693 ;   0.974  ; RR ; IC   ; 1      ; FF_X10_Y13_N29    ; profile|acquisition|writer|reserved|clk                                                                                                    ;
;   4.360 ;   0.667  ; RR ; CELL ; 1      ; FF_X10_Y13_N29    ; acq_profile_core:profile|sram_acquisition_path:acquisition|sram_finite_writer:writer|reserved                                              ;
; 8.245   ; 3.885    ;    ;      ;        ;                   ; data path                                                                                                                                  ;
;   4.621 ;   0.261  ;    ; uTco ; 1      ; FF_X10_Y13_N29    ; acq_profile_core:profile|sram_acquisition_path:acquisition|sram_finite_writer:writer|reserved                                              ;
;   4.621 ;   0.000  ; RR ; CELL ; 20     ; FF_X10_Y13_N29    ; profile|acquisition|writer|reserved|q                                                                                                      ;
;   6.721 ;   2.100  ; RR ; IC   ; 1      ; LCCOMB_X23_Y11_N8 ; profile|acquisition|source|run|datac                                                                                                       ;
;   7.026 ;   0.305  ; RF ; CELL ; 23     ; LCCOMB_X23_Y11_N8 ; profile|acquisition|source|run|combout                                                                                                     ;
;   7.381 ;   0.355  ; FF ; IC   ; 1      ; FF_X23_Y11_N21    ; profile|acquisition|source|frontend|pack_control.consume_s[0]|clrn                                                                         ;
;   8.245 ;   0.864  ; FR ; CELL ; 1      ; FF_X23_Y11_N21    ; acq_profile_core:profile|sram_acquisition_path:acquisition|adc_acquisition_source:source|adc_interleave:frontend|pack_control.consume_s[0] ;
+---------+----------+----+------+--------+-------------------+--------------------------------------------------------------------------------------------------------------------------------------------+

+-----------------------------------------------------------------------------------------------------------------------------------------------------------------------------------------------------------+
; Data Required Path                                                                                                                                                                                        ;
+----------+----------+----+------+--------+-------------------+--------------------------------------------------------------------------------------------------------------------------------------------+
; Total    ; Incr     ; RF ; Type ; Fanout ; Location          ; Element                                                                                                                                    ;
+----------+----------+----+------+--------+-------------------+--------------------------------------------------------------------------------------------------------------------------------------------+
; 8.000    ; 8.000    ;    ;      ;        ;                   ; latch edge time                                                                                                                            ;
; 8.573    ; 0.573    ;    ;      ;        ;                   ; clock path                                                                                                                                 ;
;   8.000  ;   0.000  ;    ;      ;        ;                   ; source latency                                                                                                                             ;
;   8.000  ;   0.000  ;    ;      ; 1      ; PIN_M2            ; mclk_in                                                                                                                                    ;
;   8.000  ;   0.000  ; RR ; IC   ; 1      ; IOIBUF_X0_Y11_N15 ; mclk_in~input|i                                                                                                                            ;
;   8.759  ;   0.759  ; RR ; CELL ; 2      ; IOIBUF_X0_Y11_N15 ; mclk_in~input|o                                                                                                                            ;
;   11.002 ;   2.243  ; RR ; IC   ; 1      ; PLL_1             ; clocks|pll|auto_generated|pll1|inclk[0]                                                                                                    ;
;   4.133  ;   -6.869 ; RR ; COMP ; 3      ; PLL_1             ; clocks|pll|auto_generated|pll1|observablevcoout                                                                                            ;
;   4.133  ;   0.000  ; RR ; CELL ; 1      ; PLL_1             ; clocks|pll|auto_generated|pll1|clk[2]                                                                                                      ;
;   6.379  ;   2.246  ; RR ; IC   ; 1      ; CLKCTRL_G4        ; clocks|pll|auto_generated|clk[2]~clkctrl|inclk[0]                                                                                          ;
;   6.379  ;   0.000  ; RR ; CELL ; 800    ; CLKCTRL_G4        ; clocks|pll|auto_generated|clk[2]~clkctrl|outclk                                                                                            ;
;   7.709  ;   1.330  ; RR ; IC   ; 1      ; FF_X23_Y11_N21    ; profile|acquisition|source|frontend|pack_control.consume_s[0]|clk                                                                          ;
;   8.327  ;   0.618  ; RR ; CELL ; 1      ; FF_X23_Y11_N21    ; acq_profile_core:profile|sram_acquisition_path:acquisition|adc_acquisition_source:source|adc_interleave:frontend|pack_control.consume_s[0] ;
;   8.573  ;   0.246  ;    ;      ;        ;                   ; clock pessimism removed                                                                                                                    ;
; 8.553    ; -0.020   ;    ;      ;        ;                   ; clock uncertainty                                                                                                                          ;
; 8.574    ; 0.021    ;    ; uTsu ; 1      ; FF_X23_Y11_N21    ; acq_profile_core:profile|sram_acquisition_path:acquisition|adc_acquisition_source:source|adc_interleave:frontend|pack_control.consume_s[0] ;
+----------+----------+----+------+--------+-------------------+--------------------------------------------------------------------------------------------------------------------------------------------+

----------------------------
; Extra Fitter Information ;
----------------------------
HTML report is unavailable in plain text report export.


