----------------
; Command Info ;
----------------
Report Timing: Found 4 recovery paths (4 violated).  Worst case slack is -1.903 

Tcl Command:
    report_timing -recovery -file /tmp/acq-front-recovery.rpt -npaths 4 -detail full_path

Options:
    -recovery 
    -npaths 4 
    -detail full_path 
    -file {/tmp/acq-front-recovery.rpt} 

Delay Model:
    Slow 1200mV 85C Model

+-------------------------------------------------------------------------------------------------------------------------------------------------------------------------------------------------------------------------------------------------------------------------------------------------------------------------------------------------------------------------------------------------------------------------------------------------------------------------+
; Summary of Paths                                                                                                                                                                                                                                                                                                                                                                                                                                                        ;
+--------+-------------------------------------------------------------------------------------------------------------------------------------------------------------------------------+---------------------------------------------------------------------------------------------------------------------------------------------------------------------------------+---------------------------------------+-------------+--------------+------------+------------+
; Slack  ; From Node                                                                                                                                                                     ; To Node                                                                                                                                                                         ; Launch Clock                          ; Latch Clock ; Relationship ; Clock Skew ; Data Delay ;
+--------+-------------------------------------------------------------------------------------------------------------------------------------------------------------------------------+---------------------------------------------------------------------------------------------------------------------------------------------------------------------------------+---------------------------------------+-------------+--------------+------------+------------+
; -1.903 ; acq_profile_core:profile|core_reset_sync[1]                                                                                                                                   ; acq_profile_core:profile|sram_acquisition_path:acquisition|sram_board_capture_path:backend|sram_capture_engine:engine|sram_host_path:host|sram_host_ownership:ownership|hr[1]   ; clocks|pll|auto_generated|pll1|clk[0] ; host        ; 2.000        ; 2.872      ; 6.686      ;
; -1.834 ; acq_profile_core:profile|core_reset_sync[1]                                                                                                                                   ; acq_profile_core:profile|sram_acquisition_path:acquisition|sram_board_capture_path:backend|sram_capture_engine:engine|sram_host_path:host|host_reset[1]                         ; clocks|pll|auto_generated|pll1|clk[0] ; host        ; 2.000        ; 2.590      ; 6.335      ;
; -1.834 ; acq_profile_core:profile|core_reset_sync[1]                                                                                                                                   ; acq_profile_core:profile|sram_acquisition_path:acquisition|sram_board_capture_path:backend|sram_capture_engine:engine|sram_host_path:host|host_reset[0]                         ; clocks|pll|auto_generated|pll1|clk[0] ; host        ; 2.000        ; 2.590      ; 6.335      ;
; -0.268 ; acq_profile_core:profile|sram_acquisition_path:acquisition|sram_board_capture_path:backend|sram_capture_engine:engine|sram_host_path:host|sram_host_ownership:ownership|hr[1] ; acq_profile_core:profile|sram_acquisition_path:acquisition|sram_board_capture_path:backend|sram_capture_engine:engine|sram_host_path:host|sram_host_ownership:ownership|pub1[1] ; host                                  ; host        ; 4.000        ; -0.147     ; 4.142      ;
+--------+-------------------------------------------------------------------------------------------------------------------------------------------------------------------------------+---------------------------------------------------------------------------------------------------------------------------------------------------------------------------------+---------------------------------------+-------------+--------------+------------+------------+

Path #1: Recovery slack is -1.903 (VIOLATED)
===============================================================================
+----------------------------------------------------------------------------------------------------------------------------------------------------------------------------------------------------+
; Path Summary                                                                                                                                                                                       ;
+--------------------+-------------------------------------------------------------------------------------------------------------------------------------------------------------------------------+
; Property           ; Value                                                                                                                                                                         ;
+--------------------+-------------------------------------------------------------------------------------------------------------------------------------------------------------------------------+
; From Node          ; acq_profile_core:profile|core_reset_sync[1]                                                                                                                                   ;
; To Node            ; acq_profile_core:profile|sram_acquisition_path:acquisition|sram_board_capture_path:backend|sram_capture_engine:engine|sram_host_path:host|sram_host_ownership:ownership|hr[1] ;
; Launch Clock       ; clocks|pll|auto_generated|pll1|clk[0]                                                                                                                                         ;
; Latch Clock        ; host                                                                                                                                                                          ;
; Data Arrival Time  ; 15.040                                                                                                                                                                        ;
; Data Required Time ; 13.137                                                                                                                                                                        ;
; Slack              ; -1.903 (VIOLATED)                                                                                                                                                             ;
+--------------------+-------------------------------------------------------------------------------------------------------------------------------------------------------------------------------+

+-------------------------------------------------------------------------------------+
; Statistics                                                                          ;
+------------------------+-------+-------+-------------+------------+--------+--------+
; Property               ; Value ; Count ; Total Delay ; % of Total ; Min    ; Max    ;
+------------------------+-------+-------+-------------+------------+--------+--------+
; Recovery Relationship  ; 2.000 ;       ;             ;            ;        ;        ;
; Clock Skew             ; 2.872 ;       ;             ;            ;        ;        ;
; Data Delay             ; 6.686 ;       ;             ;            ;        ;        ;
; Number of Logic Levels ;       ; 0     ;             ;            ;        ;        ;
; Physical Delays        ;       ;       ;             ;            ;        ;        ;
;  Arrival Path          ;       ;       ;             ;            ;        ;        ;
;   Clock                ;       ;       ;             ;            ;        ;        ;
;    IC                  ;       ; 4     ; 5.644       ; 80         ; 0.000  ; 2.340  ;
;    Cell                ;       ; 4     ; 1.426       ; 20         ; 0.000  ; 0.759  ;
;    PLL Compensation    ;       ; 1     ; -6.716      ; 0          ; -6.716 ; -6.716 ;
;   Data                 ;       ;       ;             ;            ;        ;        ;
;    IC                  ;       ; 1     ; 5.472       ; 82         ; 5.472  ; 5.472  ;
;    Cell                ;       ; 2     ; 0.953       ; 14         ; 0.000  ; 0.953  ;
;    uTco                ;       ; 1     ; 0.261       ; 4          ; 0.261  ; 0.261  ;
;  Required Path         ;       ;       ;             ;            ;        ;        ;
;   Clock                ;       ;       ;             ;            ;        ;        ;
;    IC                  ;       ; 2     ; 1.879       ; 58         ; 0.000  ; 1.879  ;
;    Cell                ;       ; 2     ; 1.347       ; 42         ; 0.618  ; 0.729  ;
+------------------------+-------+-------+-------------+------------+--------+--------+
Note: Negative delays are omitted from totals when calculating percentages

+----------------------------------------------------------------------------------------------------------------------------------------------------------------------------------------------------------------------------------------------+
; Data Arrival Path                                                                                                                                                                                                                            ;
+----------+----------+----+------+--------+-------------------+-------------------------------------------------------------------------------------------------------------------------------------------------------------------------------+
; Total    ; Incr     ; RF ; Type ; Fanout ; Location          ; Element                                                                                                                                                                       ;
+----------+----------+----+------+--------+-------------------+-------------------------------------------------------------------------------------------------------------------------------------------------------------------------------+
; 8.000    ; 8.000    ;    ;      ;        ;                   ; launch edge time                                                                                                                                                              ;
; 8.354    ; 0.354    ;    ;      ;        ;                   ; clock path                                                                                                                                                                    ;
;   8.000  ;   0.000  ;    ;      ;        ;                   ; source latency                                                                                                                                                                ;
;   8.000  ;   0.000  ;    ;      ; 1      ; PIN_M2            ; mclk_in                                                                                                                                                                       ;
;   8.000  ;   0.000  ; RR ; IC   ; 1      ; IOIBUF_X0_Y11_N15 ; mclk_in~input|i                                                                                                                                                               ;
;   8.759  ;   0.759  ; RR ; CELL ; 2      ; IOIBUF_X0_Y11_N15 ; mclk_in~input|o                                                                                                                                                               ;
;   11.095 ;   2.336  ; RR ; IC   ; 1      ; PLL_1             ; clocks|pll|auto_generated|pll1|inclk[0]                                                                                                                                       ;
;   4.379  ;   -6.716 ; RR ; COMP ; 3      ; PLL_1             ; clocks|pll|auto_generated|pll1|observablevcoout                                                                                                                               ;
;   4.379  ;   0.000  ; RR ; CELL ; 1      ; PLL_1             ; clocks|pll|auto_generated|pll1|clk[0]                                                                                                                                         ;
;   6.719  ;   2.340  ; RR ; IC   ; 1      ; CLKCTRL_G3        ; clocks|pll|auto_generated|clk[0]~clkctrl|inclk[0]                                                                                                                             ;
;   6.719  ;   0.000  ; RR ; CELL ; 4086   ; CLKCTRL_G3        ; clocks|pll|auto_generated|clk[0]~clkctrl|outclk                                                                                                                               ;
;   7.687  ;   0.968  ; RR ; IC   ; 1      ; FF_X14_Y11_N17    ; profile|core_reset_sync[1]|clk                                                                                                                                                ;
;   8.354  ;   0.667  ; RR ; CELL ; 1      ; FF_X14_Y11_N17    ; acq_profile_core:profile|core_reset_sync[1]                                                                                                                                   ;
; 15.040   ; 6.686    ;    ;      ;        ;                   ; data path                                                                                                                                                                     ;
;   8.615  ;   0.261  ;    ; uTco ; 1      ; FF_X14_Y11_N17    ; acq_profile_core:profile|core_reset_sync[1]                                                                                                                                   ;
;   8.615  ;   0.000  ; RR ; CELL ; 206    ; FF_X14_Y11_N17    ; profile|core_reset_sync[1]|q                                                                                                                                                  ;
;   14.087 ;   5.472  ; RR ; IC   ; 1      ; FF_X13_Y16_N1     ; profile|acquisition|backend|engine|host|ownership|hr[1]|clrn                                                                                                                  ;
;   15.040 ;   0.953  ; RR ; CELL ; 1      ; FF_X13_Y16_N1     ; acq_profile_core:profile|sram_acquisition_path:acquisition|sram_board_capture_path:backend|sram_capture_engine:engine|sram_host_path:host|sram_host_ownership:ownership|hr[1] ;
+----------+----------+----+------+--------+-------------------+-------------------------------------------------------------------------------------------------------------------------------------------------------------------------------+

+---------------------------------------------------------------------------------------------------------------------------------------------------------------------------------------------------------------------------------------------+
; Data Required Path                                                                                                                                                                                                                          ;
+----------+---------+----+------+--------+-------------------+-------------------------------------------------------------------------------------------------------------------------------------------------------------------------------+
; Total    ; Incr    ; RF ; Type ; Fanout ; Location          ; Element                                                                                                                                                                       ;
+----------+---------+----+------+--------+-------------------+-------------------------------------------------------------------------------------------------------------------------------------------------------------------------------+
; 10.000   ; 10.000  ;    ;      ;        ;                   ; latch edge time                                                                                                                                                               ;
; 13.226   ; 3.226   ;    ;      ;        ;                   ; clock path                                                                                                                                                                    ;
;   10.000 ;   0.000 ;    ;      ;        ;                   ; source latency                                                                                                                                                                ;
;   10.000 ;   0.000 ;    ;      ; 1      ; PIN_C2            ; clk                                                                                                                                                                           ;
;   10.000 ;   0.000 ; RR ; IC   ; 1      ; IOIBUF_X0_Y22_N15 ; clk~input|i                                                                                                                                                                   ;
;   10.729 ;   0.729 ; RR ; CELL ; 998    ; IOIBUF_X0_Y22_N15 ; clk~input|o                                                                                                                                                                   ;
;   12.608 ;   1.879 ; RR ; IC   ; 1      ; FF_X13_Y16_N1     ; profile|acquisition|backend|engine|host|ownership|hr[1]|clk                                                                                                                   ;
;   13.226 ;   0.618 ; RR ; CELL ; 1      ; FF_X13_Y16_N1     ; acq_profile_core:profile|sram_acquisition_path:acquisition|sram_board_capture_path:backend|sram_capture_engine:engine|sram_host_path:host|sram_host_ownership:ownership|hr[1] ;
; 13.116   ; -0.110  ;    ;      ;        ;                   ; clock uncertainty                                                                                                                                                             ;
; 13.137   ; 0.021   ;    ; uTsu ; 1      ; FF_X13_Y16_N1     ; acq_profile_core:profile|sram_acquisition_path:acquisition|sram_board_capture_path:backend|sram_capture_engine:engine|sram_host_path:host|sram_host_ownership:ownership|hr[1] ;
+----------+---------+----+------+--------+-------------------+-------------------------------------------------------------------------------------------------------------------------------------------------------------------------------+

----------------------------
; Extra Fitter Information ;
----------------------------
HTML report is unavailable in plain text report export.


Path #2: Recovery slack is -1.834 (VIOLATED)
===============================================================================
+------------------------------------------------------------------------------------------------------------------------------------------------------------------------------+
; Path Summary                                                                                                                                                                 ;
+--------------------+---------------------------------------------------------------------------------------------------------------------------------------------------------+
; Property           ; Value                                                                                                                                                   ;
+--------------------+---------------------------------------------------------------------------------------------------------------------------------------------------------+
; From Node          ; acq_profile_core:profile|core_reset_sync[1]                                                                                                             ;
; To Node            ; acq_profile_core:profile|sram_acquisition_path:acquisition|sram_board_capture_path:backend|sram_capture_engine:engine|sram_host_path:host|host_reset[1] ;
; Launch Clock       ; clocks|pll|auto_generated|pll1|clk[0]                                                                                                                   ;
; Latch Clock        ; host                                                                                                                                                    ;
; Data Arrival Time  ; 14.689                                                                                                                                                  ;
; Data Required Time ; 12.855                                                                                                                                                  ;
; Slack              ; -1.834 (VIOLATED)                                                                                                                                       ;
+--------------------+---------------------------------------------------------------------------------------------------------------------------------------------------------+

+-------------------------------------------------------------------------------------+
; Statistics                                                                          ;
+------------------------+-------+-------+-------------+------------+--------+--------+
; Property               ; Value ; Count ; Total Delay ; % of Total ; Min    ; Max    ;
+------------------------+-------+-------+-------------+------------+--------+--------+
; Recovery Relationship  ; 2.000 ;       ;             ;            ;        ;        ;
; Clock Skew             ; 2.590 ;       ;             ;            ;        ;        ;
; Data Delay             ; 6.335 ;       ;             ;            ;        ;        ;
; Number of Logic Levels ;       ; 0     ;             ;            ;        ;        ;
; Physical Delays        ;       ;       ;             ;            ;        ;        ;
;  Arrival Path          ;       ;       ;             ;            ;        ;        ;
;   Clock                ;       ;       ;             ;            ;        ;        ;
;    IC                  ;       ; 4     ; 5.644       ; 80         ; 0.000  ; 2.340  ;
;    Cell                ;       ; 4     ; 1.426       ; 20         ; 0.000  ; 0.759  ;
;    PLL Compensation    ;       ; 1     ; -6.716      ; 0          ; -6.716 ; -6.716 ;
;   Data                 ;       ;       ;             ;            ;        ;        ;
;    IC                  ;       ; 1     ; 5.121       ; 81         ; 5.121  ; 5.121  ;
;    Cell                ;       ; 2     ; 0.953       ; 15         ; 0.000  ; 0.953  ;
;    uTco                ;       ; 1     ; 0.261       ; 4          ; 0.261  ; 0.261  ;
;  Required Path         ;       ;       ;             ;            ;        ;        ;
;   Clock                ;       ;       ;             ;            ;        ;        ;
;    IC                  ;       ; 2     ; 1.597       ; 54         ; 0.000  ; 1.597  ;
;    Cell                ;       ; 2     ; 1.347       ; 46         ; 0.618  ; 0.729  ;
+------------------------+-------+-------+-------------+------------+--------+--------+
Note: Negative delays are omitted from totals when calculating percentages

+------------------------------------------------------------------------------------------------------------------------------------------------------------------------------------------------------------------------+
; Data Arrival Path                                                                                                                                                                                                      ;
+----------+----------+----+------+--------+-------------------+---------------------------------------------------------------------------------------------------------------------------------------------------------+
; Total    ; Incr     ; RF ; Type ; Fanout ; Location          ; Element                                                                                                                                                 ;
+----------+----------+----+------+--------+-------------------+---------------------------------------------------------------------------------------------------------------------------------------------------------+
; 8.000    ; 8.000    ;    ;      ;        ;                   ; launch edge time                                                                                                                                        ;
; 8.354    ; 0.354    ;    ;      ;        ;                   ; clock path                                                                                                                                              ;
;   8.000  ;   0.000  ;    ;      ;        ;                   ; source latency                                                                                                                                          ;
;   8.000  ;   0.000  ;    ;      ; 1      ; PIN_M2            ; mclk_in                                                                                                                                                 ;
;   8.000  ;   0.000  ; RR ; IC   ; 1      ; IOIBUF_X0_Y11_N15 ; mclk_in~input|i                                                                                                                                         ;
;   8.759  ;   0.759  ; RR ; CELL ; 2      ; IOIBUF_X0_Y11_N15 ; mclk_in~input|o                                                                                                                                         ;
;   11.095 ;   2.336  ; RR ; IC   ; 1      ; PLL_1             ; clocks|pll|auto_generated|pll1|inclk[0]                                                                                                                 ;
;   4.379  ;   -6.716 ; RR ; COMP ; 3      ; PLL_1             ; clocks|pll|auto_generated|pll1|observablevcoout                                                                                                         ;
;   4.379  ;   0.000  ; RR ; CELL ; 1      ; PLL_1             ; clocks|pll|auto_generated|pll1|clk[0]                                                                                                                   ;
;   6.719  ;   2.340  ; RR ; IC   ; 1      ; CLKCTRL_G3        ; clocks|pll|auto_generated|clk[0]~clkctrl|inclk[0]                                                                                                       ;
;   6.719  ;   0.000  ; RR ; CELL ; 4086   ; CLKCTRL_G3        ; clocks|pll|auto_generated|clk[0]~clkctrl|outclk                                                                                                         ;
;   7.687  ;   0.968  ; RR ; IC   ; 1      ; FF_X14_Y11_N17    ; profile|core_reset_sync[1]|clk                                                                                                                          ;
;   8.354  ;   0.667  ; RR ; CELL ; 1      ; FF_X14_Y11_N17    ; acq_profile_core:profile|core_reset_sync[1]                                                                                                             ;
; 14.689   ; 6.335    ;    ;      ;        ;                   ; data path                                                                                                                                               ;
;   8.615  ;   0.261  ;    ; uTco ; 1      ; FF_X14_Y11_N17    ; acq_profile_core:profile|core_reset_sync[1]                                                                                                             ;
;   8.615  ;   0.000  ; RR ; CELL ; 206    ; FF_X14_Y11_N17    ; profile|core_reset_sync[1]|q                                                                                                                            ;
;   13.736 ;   5.121  ; RR ; IC   ; 1      ; FF_X14_Y18_N5     ; profile|acquisition|backend|engine|host|host_reset[1]|clrn                                                                                              ;
;   14.689 ;   0.953  ; RR ; CELL ; 1      ; FF_X14_Y18_N5     ; acq_profile_core:profile|sram_acquisition_path:acquisition|sram_board_capture_path:backend|sram_capture_engine:engine|sram_host_path:host|host_reset[1] ;
+----------+----------+----+------+--------+-------------------+---------------------------------------------------------------------------------------------------------------------------------------------------------+

+-----------------------------------------------------------------------------------------------------------------------------------------------------------------------------------------------------------------------+
; Data Required Path                                                                                                                                                                                                    ;
+----------+---------+----+------+--------+-------------------+---------------------------------------------------------------------------------------------------------------------------------------------------------+
; Total    ; Incr    ; RF ; Type ; Fanout ; Location          ; Element                                                                                                                                                 ;
+----------+---------+----+------+--------+-------------------+---------------------------------------------------------------------------------------------------------------------------------------------------------+
; 10.000   ; 10.000  ;    ;      ;        ;                   ; latch edge time                                                                                                                                         ;
; 12.944   ; 2.944   ;    ;      ;        ;                   ; clock path                                                                                                                                              ;
;   10.000 ;   0.000 ;    ;      ;        ;                   ; source latency                                                                                                                                          ;
;   10.000 ;   0.000 ;    ;      ; 1      ; PIN_C2            ; clk                                                                                                                                                     ;
;   10.000 ;   0.000 ; RR ; IC   ; 1      ; IOIBUF_X0_Y22_N15 ; clk~input|i                                                                                                                                             ;
;   10.729 ;   0.729 ; RR ; CELL ; 998    ; IOIBUF_X0_Y22_N15 ; clk~input|o                                                                                                                                             ;
;   12.326 ;   1.597 ; RR ; IC   ; 1      ; FF_X14_Y18_N5     ; profile|acquisition|backend|engine|host|host_reset[1]|clk                                                                                               ;
;   12.944 ;   0.618 ; RR ; CELL ; 1      ; FF_X14_Y18_N5     ; acq_profile_core:profile|sram_acquisition_path:acquisition|sram_board_capture_path:backend|sram_capture_engine:engine|sram_host_path:host|host_reset[1] ;
; 12.834   ; -0.110  ;    ;      ;        ;                   ; clock uncertainty                                                                                                                                       ;
; 12.855   ; 0.021   ;    ; uTsu ; 1      ; FF_X14_Y18_N5     ; acq_profile_core:profile|sram_acquisition_path:acquisition|sram_board_capture_path:backend|sram_capture_engine:engine|sram_host_path:host|host_reset[1] ;
+----------+---------+----+------+--------+-------------------+---------------------------------------------------------------------------------------------------------------------------------------------------------+

----------------------------
; Extra Fitter Information ;
----------------------------
HTML report is unavailable in plain text report export.


Path #3: Recovery slack is -1.834 (VIOLATED)
===============================================================================
+------------------------------------------------------------------------------------------------------------------------------------------------------------------------------+
; Path Summary                                                                                                                                                                 ;
+--------------------+---------------------------------------------------------------------------------------------------------------------------------------------------------+
; Property           ; Value                                                                                                                                                   ;
+--------------------+---------------------------------------------------------------------------------------------------------------------------------------------------------+
; From Node          ; acq_profile_core:profile|core_reset_sync[1]                                                                                                             ;
; To Node            ; acq_profile_core:profile|sram_acquisition_path:acquisition|sram_board_capture_path:backend|sram_capture_engine:engine|sram_host_path:host|host_reset[0] ;
; Launch Clock       ; clocks|pll|auto_generated|pll1|clk[0]                                                                                                                   ;
; Latch Clock        ; host                                                                                                                                                    ;
; Data Arrival Time  ; 14.689                                                                                                                                                  ;
; Data Required Time ; 12.855                                                                                                                                                  ;
; Slack              ; -1.834 (VIOLATED)                                                                                                                                       ;
+--------------------+---------------------------------------------------------------------------------------------------------------------------------------------------------+

+-------------------------------------------------------------------------------------+
; Statistics                                                                          ;
+------------------------+-------+-------+-------------+------------+--------+--------+
; Property               ; Value ; Count ; Total Delay ; % of Total ; Min    ; Max    ;
+------------------------+-------+-------+-------------+------------+--------+--------+
; Recovery Relationship  ; 2.000 ;       ;             ;            ;        ;        ;
; Clock Skew             ; 2.590 ;       ;             ;            ;        ;        ;
; Data Delay             ; 6.335 ;       ;             ;            ;        ;        ;
; Number of Logic Levels ;       ; 0     ;             ;            ;        ;        ;
; Physical Delays        ;       ;       ;             ;            ;        ;        ;
;  Arrival Path          ;       ;       ;             ;            ;        ;        ;
;   Clock                ;       ;       ;             ;            ;        ;        ;
;    IC                  ;       ; 4     ; 5.644       ; 80         ; 0.000  ; 2.340  ;
;    Cell                ;       ; 4     ; 1.426       ; 20         ; 0.000  ; 0.759  ;
;    PLL Compensation    ;       ; 1     ; -6.716      ; 0          ; -6.716 ; -6.716 ;
;   Data                 ;       ;       ;             ;            ;        ;        ;
;    IC                  ;       ; 1     ; 5.121       ; 81         ; 5.121  ; 5.121  ;
;    Cell                ;       ; 2     ; 0.953       ; 15         ; 0.000  ; 0.953  ;
;    uTco                ;       ; 1     ; 0.261       ; 4          ; 0.261  ; 0.261  ;
;  Required Path         ;       ;       ;             ;            ;        ;        ;
;   Clock                ;       ;       ;             ;            ;        ;        ;
;    IC                  ;       ; 2     ; 1.597       ; 54         ; 0.000  ; 1.597  ;
;    Cell                ;       ; 2     ; 1.347       ; 46         ; 0.618  ; 0.729  ;
+------------------------+-------+-------+-------------+------------+--------+--------+
Note: Negative delays are omitted from totals when calculating percentages

+------------------------------------------------------------------------------------------------------------------------------------------------------------------------------------------------------------------------+
; Data Arrival Path                                                                                                                                                                                                      ;
+----------+----------+----+------+--------+-------------------+---------------------------------------------------------------------------------------------------------------------------------------------------------+
; Total    ; Incr     ; RF ; Type ; Fanout ; Location          ; Element                                                                                                                                                 ;
+----------+----------+----+------+--------+-------------------+---------------------------------------------------------------------------------------------------------------------------------------------------------+
; 8.000    ; 8.000    ;    ;      ;        ;                   ; launch edge time                                                                                                                                        ;
; 8.354    ; 0.354    ;    ;      ;        ;                   ; clock path                                                                                                                                              ;
;   8.000  ;   0.000  ;    ;      ;        ;                   ; source latency                                                                                                                                          ;
;   8.000  ;   0.000  ;    ;      ; 1      ; PIN_M2            ; mclk_in                                                                                                                                                 ;
;   8.000  ;   0.000  ; RR ; IC   ; 1      ; IOIBUF_X0_Y11_N15 ; mclk_in~input|i                                                                                                                                         ;
;   8.759  ;   0.759  ; RR ; CELL ; 2      ; IOIBUF_X0_Y11_N15 ; mclk_in~input|o                                                                                                                                         ;
;   11.095 ;   2.336  ; RR ; IC   ; 1      ; PLL_1             ; clocks|pll|auto_generated|pll1|inclk[0]                                                                                                                 ;
;   4.379  ;   -6.716 ; RR ; COMP ; 3      ; PLL_1             ; clocks|pll|auto_generated|pll1|observablevcoout                                                                                                         ;
;   4.379  ;   0.000  ; RR ; CELL ; 1      ; PLL_1             ; clocks|pll|auto_generated|pll1|clk[0]                                                                                                                   ;
;   6.719  ;   2.340  ; RR ; IC   ; 1      ; CLKCTRL_G3        ; clocks|pll|auto_generated|clk[0]~clkctrl|inclk[0]                                                                                                       ;
;   6.719  ;   0.000  ; RR ; CELL ; 4086   ; CLKCTRL_G3        ; clocks|pll|auto_generated|clk[0]~clkctrl|outclk                                                                                                         ;
;   7.687  ;   0.968  ; RR ; IC   ; 1      ; FF_X14_Y11_N17    ; profile|core_reset_sync[1]|clk                                                                                                                          ;
;   8.354  ;   0.667  ; RR ; CELL ; 1      ; FF_X14_Y11_N17    ; acq_profile_core:profile|core_reset_sync[1]                                                                                                             ;
; 14.689   ; 6.335    ;    ;      ;        ;                   ; data path                                                                                                                                               ;
;   8.615  ;   0.261  ;    ; uTco ; 1      ; FF_X14_Y11_N17    ; acq_profile_core:profile|core_reset_sync[1]                                                                                                             ;
;   8.615  ;   0.000  ; RR ; CELL ; 206    ; FF_X14_Y11_N17    ; profile|core_reset_sync[1]|q                                                                                                                            ;
;   13.736 ;   5.121  ; RR ; IC   ; 1      ; FF_X14_Y18_N9     ; profile|acquisition|backend|engine|host|host_reset[0]|clrn                                                                                              ;
;   14.689 ;   0.953  ; RR ; CELL ; 1      ; FF_X14_Y18_N9     ; acq_profile_core:profile|sram_acquisition_path:acquisition|sram_board_capture_path:backend|sram_capture_engine:engine|sram_host_path:host|host_reset[0] ;
+----------+----------+----+------+--------+-------------------+---------------------------------------------------------------------------------------------------------------------------------------------------------+

+-----------------------------------------------------------------------------------------------------------------------------------------------------------------------------------------------------------------------+
; Data Required Path                                                                                                                                                                                                    ;
+----------+---------+----+------+--------+-------------------+---------------------------------------------------------------------------------------------------------------------------------------------------------+
; Total    ; Incr    ; RF ; Type ; Fanout ; Location          ; Element                                                                                                                                                 ;
+----------+---------+----+------+--------+-------------------+---------------------------------------------------------------------------------------------------------------------------------------------------------+
; 10.000   ; 10.000  ;    ;      ;        ;                   ; latch edge time                                                                                                                                         ;
; 12.944   ; 2.944   ;    ;      ;        ;                   ; clock path                                                                                                                                              ;
;   10.000 ;   0.000 ;    ;      ;        ;                   ; source latency                                                                                                                                          ;
;   10.000 ;   0.000 ;    ;      ; 1      ; PIN_C2            ; clk                                                                                                                                                     ;
;   10.000 ;   0.000 ; RR ; IC   ; 1      ; IOIBUF_X0_Y22_N15 ; clk~input|i                                                                                                                                             ;
;   10.729 ;   0.729 ; RR ; CELL ; 998    ; IOIBUF_X0_Y22_N15 ; clk~input|o                                                                                                                                             ;
;   12.326 ;   1.597 ; RR ; IC   ; 1      ; FF_X14_Y18_N9     ; profile|acquisition|backend|engine|host|host_reset[0]|clk                                                                                               ;
;   12.944 ;   0.618 ; RR ; CELL ; 1      ; FF_X14_Y18_N9     ; acq_profile_core:profile|sram_acquisition_path:acquisition|sram_board_capture_path:backend|sram_capture_engine:engine|sram_host_path:host|host_reset[0] ;
; 12.834   ; -0.110  ;    ;      ;        ;                   ; clock uncertainty                                                                                                                                       ;
; 12.855   ; 0.021   ;    ; uTsu ; 1      ; FF_X14_Y18_N9     ; acq_profile_core:profile|sram_acquisition_path:acquisition|sram_board_capture_path:backend|sram_capture_engine:engine|sram_host_path:host|host_reset[0] ;
+----------+---------+----+------+--------+-------------------+---------------------------------------------------------------------------------------------------------------------------------------------------------+

----------------------------
; Extra Fitter Information ;
----------------------------
HTML report is unavailable in plain text report export.


Path #4: Recovery slack is -0.268 (VIOLATED)
===============================================================================
+-------------------------------------------------------------------------------------------------------------------------------------------------------------------------------------------------------+
; Path Summary                                                                                                                                                                                          ;
+---------------------+---------------------------------------------------------------------------------------------------------------------------------------------------------------------------------+
; Property            ; Value                                                                                                                                                                           ;
+---------------------+---------------------------------------------------------------------------------------------------------------------------------------------------------------------------------+
; From Node           ; acq_profile_core:profile|sram_acquisition_path:acquisition|sram_board_capture_path:backend|sram_capture_engine:engine|sram_host_path:host|sram_host_ownership:ownership|hr[1]   ;
; To Node             ; acq_profile_core:profile|sram_acquisition_path:acquisition|sram_board_capture_path:backend|sram_capture_engine:engine|sram_host_path:host|sram_host_ownership:ownership|pub1[1] ;
; Launch Clock        ; host                                                                                                                                                                            ;
; Latch Clock         ; host                                                                                                                                                                            ;
; Max Delay Exception ; 4.000                                                                                                                                                                           ;
; Data Arrival Time   ; 7.500                                                                                                                                                                           ;
; Data Required Time  ; 7.232                                                                                                                                                                           ;
; Slack               ; -0.268 (VIOLATED)                                                                                                                                                               ;
+---------------------+---------------------------------------------------------------------------------------------------------------------------------------------------------------------------------+

+----------------------------------------------------------------------------------------------------+
; Statistics                                                                                         ;
+----------------------------------------+--------+-------+-------------+------------+-------+-------+
; Property                               ; Value  ; Count ; Total Delay ; % of Total ; Min   ; Max   ;
+----------------------------------------+--------+-------+-------------+------------+-------+-------+
; Recovery Relationship (from Max Delay) ; 4.000  ;       ;             ;            ;       ;       ;
; Clock Skew                             ; -0.147 ;       ;             ;            ;       ;       ;
; Data Delay                             ; 4.142  ;       ;             ;            ;       ;       ;
; Number of Logic Levels                 ;        ; 1     ;             ;            ;       ;       ;
; Physical Delays                        ;        ;       ;             ;            ;       ;       ;
;  Arrival Path                          ;        ;       ;             ;            ;       ;       ;
;   Clock                                ;        ;       ;             ;            ;       ;       ;
;    IC                                  ;        ; 2     ; 1.962       ; 58         ; 0.000 ; 1.962 ;
;    Cell                                ;        ; 2     ; 1.396       ; 42         ; 0.667 ; 0.729 ;
;   Data                                 ;        ;       ;             ;            ;       ;       ;
;    IC                                  ;        ; 2     ; 2.928       ; 71         ; 0.956 ; 1.972 ;
;    Cell                                ;        ; 3     ; 0.953       ; 23         ; 0.000 ; 0.953 ;
;    uTco                                ;        ; 1     ; 0.261       ; 6          ; 0.261 ; 0.261 ;
;  Required Path                         ;        ;       ;             ;            ;       ;       ;
;   Clock                                ;        ;       ;             ;            ;       ;       ;
;    IC                                  ;        ; 2     ; 1.830       ; 58         ; 0.000 ; 1.830 ;
;    Cell                                ;        ; 2     ; 1.347       ; 42         ; 0.618 ; 0.729 ;
+----------------------------------------+--------+-------+-------------+------------+-------+-------+
Note: Negative delays are omitted from totals when calculating percentages

+----------------------------------------------------------------------------------------------------------------------------------------------------------------------------------------------------------------------------------------------+
; Data Arrival Path                                                                                                                                                                                                                            ;
+---------+---------+----+------+--------+-------------------+---------------------------------------------------------------------------------------------------------------------------------------------------------------------------------+
; Total   ; Incr    ; RF ; Type ; Fanout ; Location          ; Element                                                                                                                                                                         ;
+---------+---------+----+------+--------+-------------------+---------------------------------------------------------------------------------------------------------------------------------------------------------------------------------+
; 0.000   ; 0.000   ;    ;      ;        ;                   ; launch edge time                                                                                                                                                                ;
; 3.358   ; 3.358   ;    ;      ;        ;                   ; clock path                                                                                                                                                                      ;
;   0.000 ;   0.000 ;    ;      ;        ;                   ; source latency                                                                                                                                                                  ;
;   0.000 ;   0.000 ;    ;      ; 1      ; PIN_C2            ; clk                                                                                                                                                                             ;
;   0.000 ;   0.000 ; RR ; IC   ; 1      ; IOIBUF_X0_Y22_N15 ; clk~input|i                                                                                                                                                                     ;
;   0.729 ;   0.729 ; RR ; CELL ; 998    ; IOIBUF_X0_Y22_N15 ; clk~input|o                                                                                                                                                                     ;
;   2.691 ;   1.962 ; RR ; IC   ; 1      ; FF_X13_Y16_N1     ; profile|acquisition|backend|engine|host|ownership|hr[1]|clk                                                                                                                     ;
;   3.358 ;   0.667 ; RR ; CELL ; 1      ; FF_X13_Y16_N1     ; acq_profile_core:profile|sram_acquisition_path:acquisition|sram_board_capture_path:backend|sram_capture_engine:engine|sram_host_path:host|sram_host_ownership:ownership|hr[1]   ;
; 7.500   ; 4.142   ;    ;      ;        ;                   ; data path                                                                                                                                                                       ;
;   3.619 ;   0.261 ;    ; uTco ; 1      ; FF_X13_Y16_N1     ; acq_profile_core:profile|sram_acquisition_path:acquisition|sram_board_capture_path:backend|sram_capture_engine:engine|sram_host_path:host|sram_host_ownership:ownership|hr[1]   ;
;   3.619 ;   0.000 ; RR ; CELL ; 5      ; FF_X13_Y16_N1     ; profile|acquisition|backend|engine|host|ownership|hr[1]|q                                                                                                                       ;
;   5.591 ;   1.972 ; RR ; IC   ; 1      ; CLKCTRL_G0        ; profile|acquisition|backend|engine|host|ownership|hr[1]~clkctrl|inclk[0]                                                                                                        ;
;   5.591 ;   0.000 ; RR ; CELL ; 312    ; CLKCTRL_G0        ; profile|acquisition|backend|engine|host|ownership|hr[1]~clkctrl|outclk                                                                                                          ;
;   6.547 ;   0.956 ; RR ; IC   ; 1      ; FF_X13_Y17_N23    ; profile|acquisition|backend|engine|host|ownership|pub1[1]|clrn                                                                                                                  ;
;   7.500 ;   0.953 ; RR ; CELL ; 1      ; FF_X13_Y17_N23    ; acq_profile_core:profile|sram_acquisition_path:acquisition|sram_board_capture_path:backend|sram_capture_engine:engine|sram_host_path:host|sram_host_ownership:ownership|pub1[1] ;
+---------+---------+----+------+--------+-------------------+---------------------------------------------------------------------------------------------------------------------------------------------------------------------------------+

+----------------------------------------------------------------------------------------------------------------------------------------------------------------------------------------------------------------------------------------------+
; Data Required Path                                                                                                                                                                                                                           ;
+---------+---------+----+------+--------+-------------------+---------------------------------------------------------------------------------------------------------------------------------------------------------------------------------+
; Total   ; Incr    ; RF ; Type ; Fanout ; Location          ; Element                                                                                                                                                                         ;
+---------+---------+----+------+--------+-------------------+---------------------------------------------------------------------------------------------------------------------------------------------------------------------------------+
; 4.000   ; 4.000   ;    ;      ;        ;                   ; latch edge time                                                                                                                                                                 ;
; 7.211   ; 3.211   ;    ;      ;        ;                   ; clock path                                                                                                                                                                      ;
;   4.000 ;   0.000 ;    ;      ;        ;                   ; source latency                                                                                                                                                                  ;
;   4.000 ;   0.000 ;    ;      ; 1      ; PIN_C2            ; clk                                                                                                                                                                             ;
;   4.000 ;   0.000 ; RR ; IC   ; 1      ; IOIBUF_X0_Y22_N15 ; clk~input|i                                                                                                                                                                     ;
;   4.729 ;   0.729 ; RR ; CELL ; 998    ; IOIBUF_X0_Y22_N15 ; clk~input|o                                                                                                                                                                     ;
;   6.559 ;   1.830 ; RR ; IC   ; 1      ; FF_X13_Y17_N23    ; profile|acquisition|backend|engine|host|ownership|pub1[1]|clk                                                                                                                   ;
;   7.177 ;   0.618 ; RR ; CELL ; 1      ; FF_X13_Y17_N23    ; acq_profile_core:profile|sram_acquisition_path:acquisition|sram_board_capture_path:backend|sram_capture_engine:engine|sram_host_path:host|sram_host_ownership:ownership|pub1[1] ;
;   7.211 ;   0.034 ;    ;      ;        ;                   ; clock pessimism removed                                                                                                                                                         ;
; 7.232   ; 0.021   ;    ; uTsu ; 1      ; FF_X13_Y17_N23    ; acq_profile_core:profile|sram_acquisition_path:acquisition|sram_board_capture_path:backend|sram_capture_engine:engine|sram_host_path:host|sram_host_ownership:ownership|pub1[1] ;
+---------+---------+----+------+--------+-------------------+---------------------------------------------------------------------------------------------------------------------------------------------------------------------------------+

----------------------------
; Extra Fitter Information ;
----------------------------
HTML report is unavailable in plain text report export.


