Analysis & Synthesis report for srambf
Sun Jul 26 00:45:09 2026
Quartus Prime Version 21.1.0 Build 842 10/21/2021 SJ Lite Edition


---------------------
; Table of Contents ;
---------------------
  1. Legal Notice
  2. Analysis & Synthesis Summary
  3. Analysis & Synthesis Settings
  4. Parallel Compilation
  5. Analysis & Synthesis Source Files Read
  6. Analysis & Synthesis Resource Usage Summary
  7. Analysis & Synthesis Resource Utilization by Entity
  8. General Register Statistics
  9. Inverted Register Statistics
 10. Multiplexer Restructuring Statistics (Restructuring Performed)
 11. Post-Synthesis Netlist Statistics for Top Partition
 12. Elapsed Time Per Partition
 13. Analysis & Synthesis Messages
 14. Analysis & Synthesis Suppressed Messages



----------------
; Legal Notice ;
----------------
Copyright (C) 2021  Intel Corporation. All rights reserved.
Your use of Intel Corporation's design tools, logic functions 
and other software and tools, and any partner logic 
functions, and any output files from any of the foregoing 
(including device programming or simulation files), and any 
associated documentation or information are expressly subject 
to the terms and conditions of the Intel Program License 
Subscription Agreement, the Intel Quartus Prime License Agreement,
the Intel FPGA IP License Agreement, or other applicable license
agreement, including, without limitation, that your use is for
the sole purpose of programming logic devices manufactured by
Intel and sold by Intel or its authorized distributors.  Please
refer to the applicable agreement for further details, at
https://fpgasoftware.intel.com/eula.



+----------------------------------------------------------------------------------+
; Analysis & Synthesis Summary                                                     ;
+------------------------------------+---------------------------------------------+
; Analysis & Synthesis Status        ; Successful - Sun Jul 26 00:45:09 2026       ;
; Quartus Prime Version              ; 21.1.0 Build 842 10/21/2021 SJ Lite Edition ;
; Revision Name                      ; srambf                                      ;
; Top-level Entity Name              ; srambf                                      ;
; Family                             ; Cyclone IV E                                ;
; Total logic elements               ; 1,637                                       ;
;     Total combinational functions  ; 1,308                                       ;
;     Dedicated logic registers      ; 379                                         ;
; Total registers                    ; 379                                         ;
; Total pins                         ; 151                                         ;
; Total virtual pins                 ; 0                                           ;
; Total memory bits                  ; 0                                           ;
; Embedded Multiplier 9-bit elements ; 0                                           ;
; Total PLLs                         ; 0                                           ;
+------------------------------------+---------------------------------------------+


+------------------------------------------------------------------------------------------------------------+
; Analysis & Synthesis Settings                                                                              ;
+------------------------------------------------------------------+--------------------+--------------------+
; Option                                                           ; Setting            ; Default Value      ;
+------------------------------------------------------------------+--------------------+--------------------+
; Device                                                           ; EP4CE10F17C8       ;                    ;
; Top-level entity name                                            ; srambf             ; srambf             ;
; Family name                                                      ; Cyclone IV E       ; Cyclone V          ;
; Use smart compilation                                            ; Off                ; Off                ;
; Enable parallel Assembler and Timing Analyzer during compilation ; On                 ; On                 ;
; Enable compact report table                                      ; Off                ; Off                ;
; Restructure Multiplexers                                         ; Auto               ; Auto               ;
; Create Debugging Nodes for IP Cores                              ; Off                ; Off                ;
; Preserve fewer node names                                        ; On                 ; On                 ;
; Intel FPGA IP Evaluation Mode                                    ; Enable             ; Enable             ;
; Verilog Version                                                  ; Verilog_2001       ; Verilog_2001       ;
; VHDL Version                                                     ; VHDL_1993          ; VHDL_1993          ;
; State Machine Processing                                         ; Auto               ; Auto               ;
; Safe State Machine                                               ; Off                ; Off                ;
; Extract Verilog State Machines                                   ; On                 ; On                 ;
; Extract VHDL State Machines                                      ; On                 ; On                 ;
; Ignore Verilog initial constructs                                ; Off                ; Off                ;
; Iteration limit for constant Verilog loops                       ; 5000               ; 5000               ;
; Iteration limit for non-constant Verilog loops                   ; 250                ; 250                ;
; Add Pass-Through Logic to Inferred RAMs                          ; On                 ; On                 ;
; Infer RAMs from Raw Logic                                        ; On                 ; On                 ;
; Parallel Synthesis                                               ; On                 ; On                 ;
; DSP Block Balancing                                              ; Auto               ; Auto               ;
; NOT Gate Push-Back                                               ; On                 ; On                 ;
; Power-Up Don't Care                                              ; On                 ; On                 ;
; Remove Redundant Logic Cells                                     ; Off                ; Off                ;
; Remove Duplicate Registers                                       ; On                 ; On                 ;
; Ignore CARRY Buffers                                             ; Off                ; Off                ;
; Ignore CASCADE Buffers                                           ; Off                ; Off                ;
; Ignore GLOBAL Buffers                                            ; Off                ; Off                ;
; Ignore ROW GLOBAL Buffers                                        ; Off                ; Off                ;
; Ignore LCELL Buffers                                             ; Off                ; Off                ;
; Ignore SOFT Buffers                                              ; On                 ; On                 ;
; Limit AHDL Integers to 32 Bits                                   ; Off                ; Off                ;
; Optimization Technique                                           ; Balanced           ; Balanced           ;
; Carry Chain Length                                               ; 70                 ; 70                 ;
; Auto Carry Chains                                                ; On                 ; On                 ;
; Auto Open-Drain Pins                                             ; On                 ; On                 ;
; Perform WYSIWYG Primitive Resynthesis                            ; Off                ; Off                ;
; Auto ROM Replacement                                             ; On                 ; On                 ;
; Auto RAM Replacement                                             ; On                 ; On                 ;
; Auto DSP Block Replacement                                       ; On                 ; On                 ;
; Auto Shift Register Replacement                                  ; Auto               ; Auto               ;
; Allow Shift Register Merging across Hierarchies                  ; Auto               ; Auto               ;
; Auto Clock Enable Replacement                                    ; On                 ; On                 ;
; Strict RAM Replacement                                           ; Off                ; Off                ;
; Allow Synchronous Control Signals                                ; On                 ; On                 ;
; Force Use of Synchronous Clear Signals                           ; Off                ; Off                ;
; Auto RAM Block Balancing                                         ; On                 ; On                 ;
; Auto RAM to Logic Cell Conversion                                ; Off                ; Off                ;
; Auto Resource Sharing                                            ; Off                ; Off                ;
; Allow Any RAM Size For Recognition                               ; Off                ; Off                ;
; Allow Any ROM Size For Recognition                               ; Off                ; Off                ;
; Allow Any Shift Register Size For Recognition                    ; Off                ; Off                ;
; Use LogicLock Constraints during Resource Balancing              ; On                 ; On                 ;
; Ignore translate_off and synthesis_off directives                ; Off                ; Off                ;
; Timing-Driven Synthesis                                          ; On                 ; On                 ;
; Report Parameter Settings                                        ; On                 ; On                 ;
; Report Source Assignments                                        ; On                 ; On                 ;
; Report Connectivity Checks                                       ; On                 ; On                 ;
; Ignore Maximum Fan-Out Assignments                               ; Off                ; Off                ;
; Synchronization Register Chain Length                            ; 2                  ; 2                  ;
; Power Optimization During Synthesis                              ; Normal compilation ; Normal compilation ;
; HDL message level                                                ; Level2             ; Level2             ;
; Suppress Register Optimization Related Messages                  ; Off                ; Off                ;
; Number of Removed Registers Reported in Synthesis Report         ; 5000               ; 5000               ;
; Number of Swept Nodes Reported in Synthesis Report               ; 5000               ; 5000               ;
; Number of Inverted Registers Reported in Synthesis Report        ; 100                ; 100                ;
; Clock MUX Protection                                             ; On                 ; On                 ;
; Auto Gated Clock Conversion                                      ; Off                ; Off                ;
; Block Design Naming                                              ; Auto               ; Auto               ;
; SDC constraint protection                                        ; Off                ; Off                ;
; Synthesis Effort                                                 ; Auto               ; Auto               ;
; Shift Register Replacement - Allow Asynchronous Clear Signal     ; On                 ; On                 ;
; Pre-Mapping Resynthesis Optimization                             ; Off                ; Off                ;
; Analysis & Synthesis Message Level                               ; Medium             ; Medium             ;
; Disable Register Merging Across Hierarchies                      ; Auto               ; Auto               ;
; Resource Aware Inference For Block RAM                           ; On                 ; On                 ;
+------------------------------------------------------------------+--------------------+--------------------+


+------------------------------------------+
; Parallel Compilation                     ;
+----------------------------+-------------+
; Processors                 ; Number      ;
+----------------------------+-------------+
; Number detected on machine ; 8           ;
; Maximum allowed            ; 4           ;
;                            ;             ;
; Average used               ; 1.00        ;
; Maximum used               ; 4           ;
;                            ;             ;
; Usage by Processor         ; % Time Used ;
;     Processor 1            ; 100.0%      ;
;     Processor 2            ;   0.0%      ;
;     Processor 3            ;   0.0%      ;
;     Processor 4            ;   0.0%      ;
+----------------------------+-------------+


+----------------------------------------------------------------------------------------------------------------------------------------------+
; Analysis & Synthesis Source Files Read                                                                                                       ;
+----------------------------------+-----------------+------------------------+------------------------------------------------------+---------+
; File Name with User-Entered Path ; Used in Netlist ; File Type              ; File Name with Absolute Path                         ; Library ;
+----------------------------------+-----------------+------------------------+------------------------------------------------------+---------+
; srambf.v                         ; yes             ; User Verilog HDL File  ; /home/labeth/ws/open-sds1000cml/fpga/srambf/srambf.v ;         ;
+----------------------------------+-----------------+------------------------+------------------------------------------------------+---------+


+---------------------------------------------------------+
; Analysis & Synthesis Resource Usage Summary             ;
+---------------------------------------------+-----------+
; Resource                                    ; Usage     ;
+---------------------------------------------+-----------+
; Estimated Total logic elements              ; 1,637     ;
;                                             ;           ;
; Total combinational functions               ; 1308      ;
; Logic element usage by number of LUT inputs ;           ;
;     -- 4 input functions                    ; 1073      ;
;     -- 3 input functions                    ; 131       ;
;     -- <=2 input functions                  ; 104       ;
;                                             ;           ;
; Logic elements by mode                      ;           ;
;     -- normal mode                          ; 1286      ;
;     -- arithmetic mode                      ; 22        ;
;                                             ;           ;
; Total registers                             ; 379       ;
;     -- Dedicated logic registers            ; 379       ;
;     -- I/O registers                        ; 0         ;
;                                             ;           ;
; I/O pins                                    ; 151       ;
;                                             ;           ;
; Embedded Multiplier 9-bit elements          ; 0         ;
;                                             ;           ;
; Maximum fan-out node                        ; clk~input ;
; Maximum fan-out                             ; 379       ;
; Total fan-out                               ; 6345      ;
; Average fan-out                             ; 2.98      ;
+---------------------------------------------+-----------+


+----------------------------------------------------------------------------------------------------------------------------------------------------------------------------------------------------------+
; Analysis & Synthesis Resource Utilization by Entity                                                                                                                                                      ;
+----------------------------+---------------------+---------------------------+-------------+--------------+---------+-----------+------+--------------+---------------------+-------------+--------------+
; Compilation Hierarchy Node ; Combinational ALUTs ; Dedicated Logic Registers ; Memory Bits ; DSP Elements ; DSP 9x9 ; DSP 18x18 ; Pins ; Virtual Pins ; Full Hierarchy Name ; Entity Name ; Library Name ;
+----------------------------+---------------------+---------------------------+-------------+--------------+---------+-----------+------+--------------+---------------------+-------------+--------------+
; |srambf                    ; 1308 (1308)         ; 379 (379)                 ; 0           ; 0            ; 0       ; 0         ; 151  ; 0            ; |srambf             ; srambf      ; work         ;
+----------------------------+---------------------+---------------------------+-------------+--------------+---------+-----------+------+--------------+---------------------+-------------+--------------+
Note: For table entries with two numbers listed, the numbers in parentheses indicate the number of resources of the given type used by the specific entity alone. The numbers listed outside of parentheses indicate the total resources of the given type used by the specific entity and all of its sub-entities in the hierarchy.


+------------------------------------------------------+
; General Register Statistics                          ;
+----------------------------------------------+-------+
; Statistic                                    ; Value ;
+----------------------------------------------+-------+
; Total registers                              ; 379   ;
; Number of registers using Synchronous Clear  ; 13    ;
; Number of registers using Synchronous Load   ; 0     ;
; Number of registers using Asynchronous Clear ; 0     ;
; Number of registers using Asynchronous Load  ; 0     ;
; Number of registers using Clock Enable       ; 318   ;
; Number of registers using Preset             ; 0     ;
+----------------------------------------------+-------+


+---------------------------------------------------+
; Inverted Register Statistics                      ;
+-----------------------------------------+---------+
; Inverted Register                       ; Fan out ;
+-----------------------------------------+---------+
; oe_sel[3]                               ; 11      ;
; oe_sel[4]                               ; 11      ;
; oe_sel[0]                               ; 17      ;
; oe_sel[5]                               ; 11      ;
; oe_sel[6]                               ; 11      ;
; oe_sel[1]                               ; 30      ;
; oe_sel[2]                               ; 24      ;
; advld_sel[3]                            ; 4       ;
; advld_sel[4]                            ; 4       ;
; advld_sel[0]                            ; 18      ;
; advld_sel[5]                            ; 11      ;
; advld_sel[6]                            ; 11      ;
; advld_sel[1]                            ; 13      ;
; advld_sel[2]                            ; 6       ;
; cen_sel[3]                              ; 4       ;
; cen_sel[4]                              ; 4       ;
; cen_sel[0]                              ; 16      ;
; cen_sel[5]                              ; 11      ;
; cen_sel[6]                              ; 11      ;
; cen_sel[1]                              ; 25      ;
; cen_sel[2]                              ; 20      ;
; clk_sel[3]                              ; 4       ;
; clk_sel[4]                              ; 4       ;
; clk_sel[0]                              ; 13      ;
; clk_sel[5]                              ; 11      ;
; clk_sel[6]                              ; 11      ;
; clk_sel[1]                              ; 8       ;
; clk_sel[2]                              ; 6       ;
; latency[0]                              ; 2       ;
; latency[1]                              ; 5       ;
; we_q[2]                                 ; 2       ;
; cs1_q[2]                                ; 2       ;
; we_q[1]                                 ; 3       ;
; cs1_q[1]                                ; 1       ;
; we_q[0]                                 ; 1       ;
; cs1_q[0]                                ; 1       ;
; Total number of inverted registers = 36 ;         ;
+-----------------------------------------+---------+


+------------------------------------------------------------------------------------------------------------------------------------------+
; Multiplexer Restructuring Statistics (Restructuring Performed)                                                                           ;
+--------------------+-----------+---------------+----------------------+------------------------+------------+----------------------------+
; Multiplexer Inputs ; Bus Width ; Baseline Area ; Area if Restructured ; Saving if Restructured ; Registered ; Example Multiplexer Output ;
+--------------------+-----------+---------------+----------------------+------------------------+------------+----------------------------+
; 3:1                ; 5 bits    ; 10 LEs        ; 5 LEs                ; 5 LEs                  ; Yes        ; |srambf|cc[4]              ;
; 32:1               ; 9 bits    ; 189 LEs       ; 72 LEs               ; 117 LEs                ; No         ; |srambf|Selector3          ;
; 32:1               ; 7 bits    ; 147 LEs       ; 49 LEs               ; 98 LEs                 ; No         ; |srambf|Selector15         ;
+--------------------+-----------+---------------+----------------------+------------------------+------------+----------------------------+


+-----------------------------------------------------+
; Post-Synthesis Netlist Statistics for Top Partition ;
+-----------------------+-----------------------------+
; Type                  ; Count                       ;
+-----------------------+-----------------------------+
; boundary_port         ; 151                         ;
; cycloneiii_ff         ; 379                         ;
;     ENA               ; 313                         ;
;     ENA SCLR          ; 5                           ;
;     SCLR              ; 8                           ;
;     plain             ; 53                          ;
; cycloneiii_io_obuf    ; 139                         ;
; cycloneiii_lcell_comb ; 1309                        ;
;     arith             ; 22                          ;
;         2 data inputs ; 11                          ;
;         3 data inputs ; 11                          ;
;     normal            ; 1287                        ;
;         0 data inputs ; 1                           ;
;         1 data inputs ; 34                          ;
;         2 data inputs ; 59                          ;
;         3 data inputs ; 120                         ;
;         4 data inputs ; 1073                        ;
;                       ;                             ;
; Max LUT depth         ; 43.10                       ;
; Average LUT depth     ; 14.15                       ;
+-----------------------+-----------------------------+


+-------------------------------+
; Elapsed Time Per Partition    ;
+----------------+--------------+
; Partition Name ; Elapsed Time ;
+----------------+--------------+
; Top            ; 00:00:03     ;
+----------------+--------------+


+-------------------------------+
; Analysis & Synthesis Messages ;
+-------------------------------+
Info: *******************************************************************
Info: Running Quartus Prime Analysis & Synthesis
    Info: Version 21.1.0 Build 842 10/21/2021 SJ Lite Edition
    Info: Copyright (C) 2021  Intel Corporation. All rights reserved.
    Info: Your use of Intel Corporation's design tools, logic functions 
    Info: and other software and tools, and any partner logic 
    Info: functions, and any output files from any of the foregoing 
    Info: (including device programming or simulation files), and any 
    Info: associated documentation or information are expressly subject 
    Info: to the terms and conditions of the Intel Program License 
    Info: Subscription Agreement, the Intel Quartus Prime License Agreement,
    Info: the Intel FPGA IP License Agreement, or other applicable license
    Info: agreement, including, without limitation, that your use is for
    Info: the sole purpose of programming logic devices manufactured by
    Info: Intel and sold by Intel or its authorized distributors.  Please
    Info: refer to the applicable agreement for further details, at
    Info: https://fpgasoftware.intel.com/eula.
    Info: Processing started: Sun Jul 26 00:44:59 2026
Info: Command: quartus_map --read_settings_files=on srambf
Warning (18236): Number of processors has not been specified which may cause overloading on shared machines.  Set the global assignment NUM_PARALLEL_PROCESSORS in your QSF to an appropriate value for best performance.
Info (20030): Parallel compilation is enabled and will use 4 of the 4 processors detected
Info (12021): Found 1 design units, including 1 entities, in source file srambf.v
    Info (12023): Found entity 1: srambf File: /home/labeth/ws/open-sds1000cml/fpga/srambf/srambf.v Line: 15
Info (12127): Elaborating entity "srambf" for the top level hierarchy
Warning (10027): Verilog HDL or VHDL warning at the srambf.v(50): index expression is not wide enough to address all of the elements in the array File: /home/labeth/ws/open-sds1000cml/fpga/srambf/srambf.v Line: 50
Warning (10230): Verilog HDL assignment warning at srambf.v(56): truncated value with size 32 to match size of target (8) File: /home/labeth/ws/open-sds1000cml/fpga/srambf/srambf.v Line: 56
Warning (10230): Verilog HDL assignment warning at srambf.v(63): truncated value with size 32 to match size of target (5) File: /home/labeth/ws/open-sds1000cml/fpga/srambf/srambf.v Line: 63
Warning (13034): The following nodes have both tri-state and non-tri-state drivers
    Warning (13035): Inserted always-enabled tri-state buffer between "ctrl[0]" and its non-tri-state driver. File: /home/labeth/ws/open-sds1000cml/fpga/srambf/srambf.v Line: 19
    Warning (13035): Inserted always-enabled tri-state buffer between "ctrl[1]" and its non-tri-state driver. File: /home/labeth/ws/open-sds1000cml/fpga/srambf/srambf.v Line: 19
    Warning (13035): Inserted always-enabled tri-state buffer between "ctrl[2]" and its non-tri-state driver. File: /home/labeth/ws/open-sds1000cml/fpga/srambf/srambf.v Line: 19
    Warning (13035): Inserted always-enabled tri-state buffer between "ctrl[3]" and its non-tri-state driver. File: /home/labeth/ws/open-sds1000cml/fpga/srambf/srambf.v Line: 19
    Warning (13035): Inserted always-enabled tri-state buffer between "ctrl[4]" and its non-tri-state driver. File: /home/labeth/ws/open-sds1000cml/fpga/srambf/srambf.v Line: 19
    Warning (13035): Inserted always-enabled tri-state buffer between "ctrl[5]" and its non-tri-state driver. File: /home/labeth/ws/open-sds1000cml/fpga/srambf/srambf.v Line: 19
    Warning (13035): Inserted always-enabled tri-state buffer between "ctrl[6]" and its non-tri-state driver. File: /home/labeth/ws/open-sds1000cml/fpga/srambf/srambf.v Line: 19
    Warning (13035): Inserted always-enabled tri-state buffer between "ctrl[7]" and its non-tri-state driver. File: /home/labeth/ws/open-sds1000cml/fpga/srambf/srambf.v Line: 19
    Warning (13035): Inserted always-enabled tri-state buffer between "ctrl[8]" and its non-tri-state driver. File: /home/labeth/ws/open-sds1000cml/fpga/srambf/srambf.v Line: 19
    Warning (13035): Inserted always-enabled tri-state buffer between "ctrl[9]" and its non-tri-state driver. File: /home/labeth/ws/open-sds1000cml/fpga/srambf/srambf.v Line: 19
    Warning (13035): Inserted always-enabled tri-state buffer between "ctrl[10]" and its non-tri-state driver. File: /home/labeth/ws/open-sds1000cml/fpga/srambf/srambf.v Line: 19
    Warning (13035): Inserted always-enabled tri-state buffer between "ctrl[11]" and its non-tri-state driver. File: /home/labeth/ws/open-sds1000cml/fpga/srambf/srambf.v Line: 19
    Warning (13035): Inserted always-enabled tri-state buffer between "ctrl[12]" and its non-tri-state driver. File: /home/labeth/ws/open-sds1000cml/fpga/srambf/srambf.v Line: 19
    Warning (13035): Inserted always-enabled tri-state buffer between "ctrl[13]" and its non-tri-state driver. File: /home/labeth/ws/open-sds1000cml/fpga/srambf/srambf.v Line: 19
    Warning (13035): Inserted always-enabled tri-state buffer between "ctrl[14]" and its non-tri-state driver. File: /home/labeth/ws/open-sds1000cml/fpga/srambf/srambf.v Line: 19
    Warning (13035): Inserted always-enabled tri-state buffer between "ctrl[15]" and its non-tri-state driver. File: /home/labeth/ws/open-sds1000cml/fpga/srambf/srambf.v Line: 19
    Warning (13035): Inserted always-enabled tri-state buffer between "ctrl[16]" and its non-tri-state driver. File: /home/labeth/ws/open-sds1000cml/fpga/srambf/srambf.v Line: 19
    Warning (13035): Inserted always-enabled tri-state buffer between "ctrl[17]" and its non-tri-state driver. File: /home/labeth/ws/open-sds1000cml/fpga/srambf/srambf.v Line: 19
    Warning (13035): Inserted always-enabled tri-state buffer between "ctrl[18]" and its non-tri-state driver. File: /home/labeth/ws/open-sds1000cml/fpga/srambf/srambf.v Line: 19
    Warning (13035): Inserted always-enabled tri-state buffer between "ctrl[19]" and its non-tri-state driver. File: /home/labeth/ws/open-sds1000cml/fpga/srambf/srambf.v Line: 19
    Warning (13035): Inserted always-enabled tri-state buffer between "ctrl[20]" and its non-tri-state driver. File: /home/labeth/ws/open-sds1000cml/fpga/srambf/srambf.v Line: 19
    Warning (13035): Inserted always-enabled tri-state buffer between "ctrl[21]" and its non-tri-state driver. File: /home/labeth/ws/open-sds1000cml/fpga/srambf/srambf.v Line: 19
    Warning (13035): Inserted always-enabled tri-state buffer between "ctrl[22]" and its non-tri-state driver. File: /home/labeth/ws/open-sds1000cml/fpga/srambf/srambf.v Line: 19
    Warning (13035): Inserted always-enabled tri-state buffer between "ctrl[23]" and its non-tri-state driver. File: /home/labeth/ws/open-sds1000cml/fpga/srambf/srambf.v Line: 19
    Warning (13035): Inserted always-enabled tri-state buffer between "ctrl[24]" and its non-tri-state driver. File: /home/labeth/ws/open-sds1000cml/fpga/srambf/srambf.v Line: 19
    Warning (13035): Inserted always-enabled tri-state buffer between "ctrl[25]" and its non-tri-state driver. File: /home/labeth/ws/open-sds1000cml/fpga/srambf/srambf.v Line: 19
    Warning (13035): Inserted always-enabled tri-state buffer between "ctrl[26]" and its non-tri-state driver. File: /home/labeth/ws/open-sds1000cml/fpga/srambf/srambf.v Line: 19
    Warning (13035): Inserted always-enabled tri-state buffer between "ctrl[27]" and its non-tri-state driver. File: /home/labeth/ws/open-sds1000cml/fpga/srambf/srambf.v Line: 19
    Warning (13035): Inserted always-enabled tri-state buffer between "ctrl[28]" and its non-tri-state driver. File: /home/labeth/ws/open-sds1000cml/fpga/srambf/srambf.v Line: 19
    Warning (13035): Inserted always-enabled tri-state buffer between "ctrl[29]" and its non-tri-state driver. File: /home/labeth/ws/open-sds1000cml/fpga/srambf/srambf.v Line: 19
    Warning (13035): Inserted always-enabled tri-state buffer between "ctrl[30]" and its non-tri-state driver. File: /home/labeth/ws/open-sds1000cml/fpga/srambf/srambf.v Line: 19
    Warning (13035): Inserted always-enabled tri-state buffer between "ctrl[31]" and its non-tri-state driver. File: /home/labeth/ws/open-sds1000cml/fpga/srambf/srambf.v Line: 19
    Warning (13035): Inserted always-enabled tri-state buffer between "ctrl[32]" and its non-tri-state driver. File: /home/labeth/ws/open-sds1000cml/fpga/srambf/srambf.v Line: 19
    Warning (13035): Inserted always-enabled tri-state buffer between "ctrl[33]" and its non-tri-state driver. File: /home/labeth/ws/open-sds1000cml/fpga/srambf/srambf.v Line: 19
    Warning (13035): Inserted always-enabled tri-state buffer between "ctrl[34]" and its non-tri-state driver. File: /home/labeth/ws/open-sds1000cml/fpga/srambf/srambf.v Line: 19
    Warning (13035): Inserted always-enabled tri-state buffer between "ctrl[35]" and its non-tri-state driver. File: /home/labeth/ws/open-sds1000cml/fpga/srambf/srambf.v Line: 19
    Warning (13035): Inserted always-enabled tri-state buffer between "ctrl[36]" and its non-tri-state driver. File: /home/labeth/ws/open-sds1000cml/fpga/srambf/srambf.v Line: 19
    Warning (13035): Inserted always-enabled tri-state buffer between "ctrl[37]" and its non-tri-state driver. File: /home/labeth/ws/open-sds1000cml/fpga/srambf/srambf.v Line: 19
    Warning (13035): Inserted always-enabled tri-state buffer between "ctrl[38]" and its non-tri-state driver. File: /home/labeth/ws/open-sds1000cml/fpga/srambf/srambf.v Line: 19
    Warning (13035): Inserted always-enabled tri-state buffer between "ctrl[39]" and its non-tri-state driver. File: /home/labeth/ws/open-sds1000cml/fpga/srambf/srambf.v Line: 19
    Warning (13035): Inserted always-enabled tri-state buffer between "ctrl[40]" and its non-tri-state driver. File: /home/labeth/ws/open-sds1000cml/fpga/srambf/srambf.v Line: 19
    Warning (13035): Inserted always-enabled tri-state buffer between "ctrl[41]" and its non-tri-state driver. File: /home/labeth/ws/open-sds1000cml/fpga/srambf/srambf.v Line: 19
    Warning (13035): Inserted always-enabled tri-state buffer between "ctrl[42]" and its non-tri-state driver. File: /home/labeth/ws/open-sds1000cml/fpga/srambf/srambf.v Line: 19
Warning (13009): TRI or OPNDRN buffers permanently enabled
    Warning (13010): Node "ctrl[0]~synth" File: /home/labeth/ws/open-sds1000cml/fpga/srambf/srambf.v Line: 19
    Warning (13010): Node "ctrl[1]~synth" File: /home/labeth/ws/open-sds1000cml/fpga/srambf/srambf.v Line: 19
    Warning (13010): Node "ctrl[2]~synth" File: /home/labeth/ws/open-sds1000cml/fpga/srambf/srambf.v Line: 19
    Warning (13010): Node "ctrl[3]~synth" File: /home/labeth/ws/open-sds1000cml/fpga/srambf/srambf.v Line: 19
    Warning (13010): Node "ctrl[4]~synth" File: /home/labeth/ws/open-sds1000cml/fpga/srambf/srambf.v Line: 19
    Warning (13010): Node "ctrl[5]~synth" File: /home/labeth/ws/open-sds1000cml/fpga/srambf/srambf.v Line: 19
    Warning (13010): Node "ctrl[6]~synth" File: /home/labeth/ws/open-sds1000cml/fpga/srambf/srambf.v Line: 19
    Warning (13010): Node "ctrl[7]~synth" File: /home/labeth/ws/open-sds1000cml/fpga/srambf/srambf.v Line: 19
    Warning (13010): Node "ctrl[8]~synth" File: /home/labeth/ws/open-sds1000cml/fpga/srambf/srambf.v Line: 19
    Warning (13010): Node "ctrl[9]~synth" File: /home/labeth/ws/open-sds1000cml/fpga/srambf/srambf.v Line: 19
    Warning (13010): Node "ctrl[10]~synth" File: /home/labeth/ws/open-sds1000cml/fpga/srambf/srambf.v Line: 19
    Warning (13010): Node "ctrl[11]~synth" File: /home/labeth/ws/open-sds1000cml/fpga/srambf/srambf.v Line: 19
    Warning (13010): Node "ctrl[12]~synth" File: /home/labeth/ws/open-sds1000cml/fpga/srambf/srambf.v Line: 19
    Warning (13010): Node "ctrl[13]~synth" File: /home/labeth/ws/open-sds1000cml/fpga/srambf/srambf.v Line: 19
    Warning (13010): Node "ctrl[14]~synth" File: /home/labeth/ws/open-sds1000cml/fpga/srambf/srambf.v Line: 19
    Warning (13010): Node "ctrl[15]~synth" File: /home/labeth/ws/open-sds1000cml/fpga/srambf/srambf.v Line: 19
    Warning (13010): Node "ctrl[16]~synth" File: /home/labeth/ws/open-sds1000cml/fpga/srambf/srambf.v Line: 19
    Warning (13010): Node "ctrl[17]~synth" File: /home/labeth/ws/open-sds1000cml/fpga/srambf/srambf.v Line: 19
    Warning (13010): Node "ctrl[18]~synth" File: /home/labeth/ws/open-sds1000cml/fpga/srambf/srambf.v Line: 19
    Warning (13010): Node "ctrl[19]~synth" File: /home/labeth/ws/open-sds1000cml/fpga/srambf/srambf.v Line: 19
    Warning (13010): Node "ctrl[20]~synth" File: /home/labeth/ws/open-sds1000cml/fpga/srambf/srambf.v Line: 19
    Warning (13010): Node "ctrl[21]~synth" File: /home/labeth/ws/open-sds1000cml/fpga/srambf/srambf.v Line: 19
    Warning (13010): Node "ctrl[22]~synth" File: /home/labeth/ws/open-sds1000cml/fpga/srambf/srambf.v Line: 19
    Warning (13010): Node "ctrl[23]~synth" File: /home/labeth/ws/open-sds1000cml/fpga/srambf/srambf.v Line: 19
    Warning (13010): Node "ctrl[24]~synth" File: /home/labeth/ws/open-sds1000cml/fpga/srambf/srambf.v Line: 19
    Warning (13010): Node "ctrl[25]~synth" File: /home/labeth/ws/open-sds1000cml/fpga/srambf/srambf.v Line: 19
    Warning (13010): Node "ctrl[26]~synth" File: /home/labeth/ws/open-sds1000cml/fpga/srambf/srambf.v Line: 19
    Warning (13010): Node "ctrl[27]~synth" File: /home/labeth/ws/open-sds1000cml/fpga/srambf/srambf.v Line: 19
    Warning (13010): Node "ctrl[28]~synth" File: /home/labeth/ws/open-sds1000cml/fpga/srambf/srambf.v Line: 19
    Warning (13010): Node "ctrl[29]~synth" File: /home/labeth/ws/open-sds1000cml/fpga/srambf/srambf.v Line: 19
    Warning (13010): Node "ctrl[30]~synth" File: /home/labeth/ws/open-sds1000cml/fpga/srambf/srambf.v Line: 19
    Warning (13010): Node "ctrl[31]~synth" File: /home/labeth/ws/open-sds1000cml/fpga/srambf/srambf.v Line: 19
    Warning (13010): Node "ctrl[32]~synth" File: /home/labeth/ws/open-sds1000cml/fpga/srambf/srambf.v Line: 19
    Warning (13010): Node "ctrl[33]~synth" File: /home/labeth/ws/open-sds1000cml/fpga/srambf/srambf.v Line: 19
    Warning (13010): Node "ctrl[34]~synth" File: /home/labeth/ws/open-sds1000cml/fpga/srambf/srambf.v Line: 19
    Warning (13010): Node "ctrl[35]~synth" File: /home/labeth/ws/open-sds1000cml/fpga/srambf/srambf.v Line: 19
    Warning (13010): Node "ctrl[36]~synth" File: /home/labeth/ws/open-sds1000cml/fpga/srambf/srambf.v Line: 19
    Warning (13010): Node "ctrl[37]~synth" File: /home/labeth/ws/open-sds1000cml/fpga/srambf/srambf.v Line: 19
    Warning (13010): Node "ctrl[38]~synth" File: /home/labeth/ws/open-sds1000cml/fpga/srambf/srambf.v Line: 19
    Warning (13010): Node "ctrl[39]~synth" File: /home/labeth/ws/open-sds1000cml/fpga/srambf/srambf.v Line: 19
    Warning (13010): Node "ctrl[40]~synth" File: /home/labeth/ws/open-sds1000cml/fpga/srambf/srambf.v Line: 19
    Warning (13010): Node "ctrl[41]~synth" File: /home/labeth/ws/open-sds1000cml/fpga/srambf/srambf.v Line: 19
    Warning (13010): Node "ctrl[42]~synth" File: /home/labeth/ws/open-sds1000cml/fpga/srambf/srambf.v Line: 19
Warning (13024): Output pins are stuck at VCC or GND
    Warning (13410): Pin "gpmc_wait" is stuck at VCC File: /home/labeth/ws/open-sds1000cml/fpga/srambf/srambf.v Line: 18
Info (286030): Timing-Driven Synthesis is running
Info (144001): Generated suppressed messages file /home/labeth/ws/open-sds1000cml/fpga/srambf/output_files/srambf.map.smsg
Info (16010): Generating hard_block partition "hard_block:auto_generated_inst"
    Info (16011): Adding 0 node(s), including 0 DDIO, 0 PLL, 0 transceiver and 0 LCELL
Warning (21074): Design contains 2 input pin(s) that do not drive logic
    Warning (15610): No output dependent on input pin "sel[0]" File: /home/labeth/ws/open-sds1000cml/fpga/srambf/srambf.v Line: 17
    Warning (15610): No output dependent on input pin "sel[1]" File: /home/labeth/ws/open-sds1000cml/fpga/srambf/srambf.v Line: 17
Info (21057): Implemented 1788 device resources after synthesis - the final resource count might be different
    Info (21058): Implemented 11 input pins
    Info (21059): Implemented 1 output pins
    Info (21060): Implemented 139 bidirectional pins
    Info (21061): Implemented 1637 logic cells
Info: Quartus Prime Analysis & Synthesis was successful. 0 errors, 97 warnings
    Info: Peak virtual memory: 643 megabytes
    Info: Processing ended: Sun Jul 26 00:45:09 2026
    Info: Elapsed time: 00:00:10
    Info: Total CPU time (on all processors): 00:00:18


+------------------------------------------+
; Analysis & Synthesis Suppressed Messages ;
+------------------------------------------+
The suppressed messages can be found in /home/labeth/ws/open-sds1000cml/fpga/srambf/output_files/srambf.map.smsg.


