----------------
; Command Info ;
----------------
Report Minimum Pulse Width: Found 4 results (4 violated).  Worst case slack is -0.201

Tcl Command:
  report_min_pulse_width -file /home/labeth/ws/open-sds1000cml-acq2/validation/2026-09-14-ingress-fifo/pulse-width.rpt -detail full_path -nworst 4

Delay Model:
  Slow 1200mV 85C Model

+------------------------------------------------------------------------------------------------------------------------------------------------------------------------------------------------------------------------------------+
; Summary of Paths                                                                                                                                                                                                                   ;
+--------+--------------+----------------+------------+-------+------------+---------------------------------------------------------------------------------------------------------------------------------------------------------+
; Slack  ; Actual Width ; Required Width ; Type       ; Clock ; Clock Edge ; Target                                                                                                                                                  ;
+--------+--------------+----------------+------------+-------+------------+---------------------------------------------------------------------------------------------------------------------------------------------------------+
; -0.201 ; 4.000        ; 4.201          ; Min Period ; core  ; Rise       ; sram_ingress_stream:fifo|sram_ingress_fifo:memory|altsyncram:storage[0].memory[0][31]__1|altsyncram_svg1:auto_generated|ram_block1a0~porta_address_reg0 ;
; -0.201 ; 4.000        ; 4.201          ; Min Period ; core  ; Rise       ; sram_ingress_stream:fifo|sram_ingress_fifo:memory|altsyncram:storage[0].memory[0][31]__1|altsyncram_svg1:auto_generated|ram_block1a0~porta_datain_reg0  ;
; -0.201 ; 4.000        ; 4.201          ; Min Period ; core  ; Rise       ; sram_ingress_stream:fifo|sram_ingress_fifo:memory|altsyncram:storage[0].memory[0][31]__1|altsyncram_svg1:auto_generated|ram_block1a0~porta_we_reg       ;
; -0.201 ; 4.000        ; 4.201          ; Min Period ; core  ; Rise       ; sram_ingress_stream:fifo|sram_ingress_fifo:memory|altsyncram:storage[0].memory[0][31]__1|altsyncram_svg1:auto_generated|ram_block1a0~portb_address_reg0 ;
+--------+--------------+----------------+------------+-------+------------+---------------------------------------------------------------------------------------------------------------------------------------------------------+

Path #1: slack is -0.201 (VIOLATED)
===============================================================================
+--------------------------------------------------------------------------------------------------------------------------------------------------------------------------+
; Path Summary                                                                                                                                                             ;
+----------------+---------------------------------------------------------------------------------------------------------------------------------------------------------+
; Property       ; Value                                                                                                                                                   ;
+----------------+---------------------------------------------------------------------------------------------------------------------------------------------------------+
; Node           ; sram_ingress_stream:fifo|sram_ingress_fifo:memory|altsyncram:storage[0].memory[0][31]__1|altsyncram_svg1:auto_generated|ram_block1a0~porta_address_reg0 ;
; Clock          ; core                                                                                                                                                    ;
; Type           ; Min Period                                                                                                                                              ;
; Actual Width   ; 4.000                                                                                                                                                   ;
; Required Width ; 4.201                                                                                                                                                   ;
; Slack          ; -0.201 (VIOLATED)                                                                                                                                       ;
+----------------+---------------------------------------------------------------------------------------------------------------------------------------------------------+


Path #2: slack is -0.201 (VIOLATED)
===============================================================================
+-------------------------------------------------------------------------------------------------------------------------------------------------------------------------+
; Path Summary                                                                                                                                                            ;
+----------------+--------------------------------------------------------------------------------------------------------------------------------------------------------+
; Property       ; Value                                                                                                                                                  ;
+----------------+--------------------------------------------------------------------------------------------------------------------------------------------------------+
; Node           ; sram_ingress_stream:fifo|sram_ingress_fifo:memory|altsyncram:storage[0].memory[0][31]__1|altsyncram_svg1:auto_generated|ram_block1a0~porta_datain_reg0 ;
; Clock          ; core                                                                                                                                                   ;
; Type           ; Min Period                                                                                                                                             ;
; Actual Width   ; 4.000                                                                                                                                                  ;
; Required Width ; 4.201                                                                                                                                                  ;
; Slack          ; -0.201 (VIOLATED)                                                                                                                                      ;
+----------------+--------------------------------------------------------------------------------------------------------------------------------------------------------+


Path #3: slack is -0.201 (VIOLATED)
===============================================================================
+--------------------------------------------------------------------------------------------------------------------------------------------------------------------+
; Path Summary                                                                                                                                                       ;
+----------------+---------------------------------------------------------------------------------------------------------------------------------------------------+
; Property       ; Value                                                                                                                                             ;
+----------------+---------------------------------------------------------------------------------------------------------------------------------------------------+
; Node           ; sram_ingress_stream:fifo|sram_ingress_fifo:memory|altsyncram:storage[0].memory[0][31]__1|altsyncram_svg1:auto_generated|ram_block1a0~porta_we_reg ;
; Clock          ; core                                                                                                                                              ;
; Type           ; Min Period                                                                                                                                        ;
; Actual Width   ; 4.000                                                                                                                                             ;
; Required Width ; 4.201                                                                                                                                             ;
; Slack          ; -0.201 (VIOLATED)                                                                                                                                 ;
+----------------+---------------------------------------------------------------------------------------------------------------------------------------------------+


Path #4: slack is -0.201 (VIOLATED)
===============================================================================
+--------------------------------------------------------------------------------------------------------------------------------------------------------------------------+
; Path Summary                                                                                                                                                             ;
+----------------+---------------------------------------------------------------------------------------------------------------------------------------------------------+
; Property       ; Value                                                                                                                                                   ;
+----------------+---------------------------------------------------------------------------------------------------------------------------------------------------------+
; Node           ; sram_ingress_stream:fifo|sram_ingress_fifo:memory|altsyncram:storage[0].memory[0][31]__1|altsyncram_svg1:auto_generated|ram_block1a0~portb_address_reg0 ;
; Clock          ; core                                                                                                                                                    ;
; Type           ; Min Period                                                                                                                                              ;
; Actual Width   ; 4.000                                                                                                                                                   ;
; Required Width ; 4.201                                                                                                                                                   ;
; Slack          ; -0.201 (VIOLATED)                                                                                                                                       ;
+----------------+---------------------------------------------------------------------------------------------------------------------------------------------------------+


