+---------------------------------------------------------------------------------------------------------------------------------------------------------------------------------------+
; Report Timing                                                                                                                                                                         ;
+-------+------------------------------------------+----------------------------------------+------------------------------------+-------------+--------------+------------+------------+
; Slack ; From Node                                ; To Node                                ; Launch Clock                       ; Latch Clock ; Relationship ; Clock Skew ; Data Delay ;
+-------+------------------------------------------+----------------------------------------+------------------------------------+-------------+--------------+------------+------------+
; 3.455 ; stream_banks:stream_queue|base1[36]      ; stream_banks:stream_queue|base1_q[36]  ; pll|pll|auto_generated|pll1|clk[2] ; cpu         ; 8.000        ; 2.387      ; 6.843      ;
; 3.472 ; stream_banks:stream_queue|base1[50]      ; stream_banks:stream_queue|base1_q[50]  ; pll|pll|auto_generated|pll1|clk[2] ; cpu         ; 8.000        ; 2.387      ; 6.826      ;
; 3.592 ; stream_banks:stream_queue|base0[2]       ; stream_banks:stream_queue|base0_q[2]   ; pll|pll|auto_generated|pll1|clk[2] ; cpu         ; 8.000        ; 2.391      ; 6.710      ;
; 3.615 ; stream_banks:stream_queue|base1[53]      ; stream_banks:stream_queue|base1_q[53]  ; pll|pll|auto_generated|pll1|clk[2] ; cpu         ; 8.000        ; 2.357      ; 6.653      ;
; 3.632 ; stream_banks:stream_queue|base0[28]      ; stream_banks:stream_queue|base0_q[28]  ; pll|pll|auto_generated|pll1|clk[2] ; cpu         ; 8.000        ; 2.416      ; 6.695      ;
; 3.635 ; stream_banks:stream_queue|base1[51]      ; stream_banks:stream_queue|base1_q[51]  ; pll|pll|auto_generated|pll1|clk[2] ; cpu         ; 8.000        ; 2.387      ; 6.663      ;
; 3.641 ; stream_banks:stream_queue|base1[22]      ; stream_banks:stream_queue|base1_q[22]  ; pll|pll|auto_generated|pll1|clk[2] ; cpu         ; 8.000        ; 2.357      ; 6.627      ;
; 3.651 ; stream_banks:stream_queue|base0[35]      ; stream_banks:stream_queue|base0_q[35]  ; pll|pll|auto_generated|pll1|clk[2] ; cpu         ; 8.000        ; 2.328      ; 6.588      ;
; 3.675 ; stream_banks:stream_queue|base0[58]      ; stream_banks:stream_queue|base0_q[58]  ; pll|pll|auto_generated|pll1|clk[2] ; cpu         ; 8.000        ; 2.143      ; 6.379      ;
; 3.697 ; stream_banks:stream_queue|base1[54]      ; stream_banks:stream_queue|base1_q[54]  ; pll|pll|auto_generated|pll1|clk[2] ; cpu         ; 8.000        ; 2.357      ; 6.571      ;
; 3.711 ; stream_banks:stream_queue|base0[9]       ; stream_banks:stream_queue|base0_q[9]   ; pll|pll|auto_generated|pll1|clk[2] ; cpu         ; 8.000        ; 2.019      ; 6.219      ;
; 3.722 ; stream_banks:stream_queue|base1[28]      ; stream_banks:stream_queue|base1_q[28]  ; pll|pll|auto_generated|pll1|clk[2] ; cpu         ; 8.000        ; 2.417      ; 6.606      ;
; 3.722 ; stream_banks:stream_queue|base0[36]      ; stream_banks:stream_queue|base0_q[36]  ; pll|pll|auto_generated|pll1|clk[2] ; cpu         ; 8.000        ; 2.404      ; 6.593      ;
; 3.746 ; stream_banks:stream_queue|base0[5]       ; stream_banks:stream_queue|base0_q[5]   ; pll|pll|auto_generated|pll1|clk[2] ; cpu         ; 8.000        ; 2.018      ; 6.183      ;
; 3.746 ; stream_banks:stream_queue|base0[3]       ; stream_banks:stream_queue|base0_q[3]   ; pll|pll|auto_generated|pll1|clk[2] ; cpu         ; 8.000        ; 2.355      ; 6.520      ;
; 3.749 ; stream_banks:stream_queue|base0[8]       ; stream_banks:stream_queue|base0_q[8]   ; pll|pll|auto_generated|pll1|clk[2] ; cpu         ; 8.000        ; 2.019      ; 6.181      ;
; 3.750 ; stream_banks:stream_queue|base1[60]      ; stream_banks:stream_queue|base1_q[60]  ; pll|pll|auto_generated|pll1|clk[2] ; cpu         ; 8.000        ; 2.417      ; 6.578      ;
; 3.750 ; stream_banks:stream_queue|base0[56]      ; stream_banks:stream_queue|base0_q[56]  ; pll|pll|auto_generated|pll1|clk[2] ; cpu         ; 8.000        ; 2.024      ; 6.185      ;
; 3.751 ; stream_banks:stream_queue|base1[49]      ; stream_banks:stream_queue|base1_q[49]  ; pll|pll|auto_generated|pll1|clk[2] ; cpu         ; 8.000        ; 2.026      ; 6.186      ;
; 3.752 ; stream_banks:stream_queue|base1[62]      ; stream_banks:stream_queue|base1_q[62]  ; pll|pll|auto_generated|pll1|clk[2] ; cpu         ; 8.000        ; 2.431      ; 6.590      ;
; 3.764 ; stream_banks:stream_queue|base1[59]      ; stream_banks:stream_queue|base1_q[59]  ; pll|pll|auto_generated|pll1|clk[2] ; cpu         ; 8.000        ; 2.132      ; 6.279      ;
; 3.772 ; stream_banks:stream_queue|base0[47]      ; stream_banks:stream_queue|base0_q[47]  ; pll|pll|auto_generated|pll1|clk[2] ; cpu         ; 8.000        ; 2.025      ; 6.164      ;
; 3.794 ; stream_banks:stream_queue|base0[46]      ; stream_banks:stream_queue|base0_q[46]  ; pll|pll|auto_generated|pll1|clk[2] ; cpu         ; 8.000        ; 2.158      ; 6.275      ;
; 3.803 ; stream_banks:stream_queue|base1[26]      ; stream_banks:stream_queue|base1_q[26]  ; pll|pll|auto_generated|pll1|clk[2] ; cpu         ; 8.000        ; 2.457      ; 6.565      ;
; 3.807 ; stream_banks:stream_queue|base0[22]      ; stream_banks:stream_queue|base0_q[22]  ; pll|pll|auto_generated|pll1|clk[2] ; cpu         ; 8.000        ; 2.457      ; 6.561      ;
; 3.810 ; stream_banks:stream_queue|base1[45]      ; stream_banks:stream_queue|base1_q[45]  ; pll|pll|auto_generated|pll1|clk[2] ; cpu         ; 8.000        ; 2.431      ; 6.532      ;
; 3.820 ; stream_banks:stream_queue|base1[61]      ; stream_banks:stream_queue|base1_q[61]  ; pll|pll|auto_generated|pll1|clk[2] ; cpu         ; 8.000        ; 2.474      ; 6.565      ;
; 3.820 ; stream_banks:stream_queue|base1[21]      ; stream_banks:stream_queue|base1_q[21]  ; pll|pll|auto_generated|pll1|clk[2] ; cpu         ; 8.000        ; 2.357      ; 6.448      ;
; 3.826 ; stream_banks:stream_queue|base0[30]      ; stream_banks:stream_queue|base0_q[30]  ; pll|pll|auto_generated|pll1|clk[2] ; cpu         ; 8.000        ; 2.158      ; 6.243      ;
; 3.829 ; stream_banks:stream_queue|base0[33]      ; stream_banks:stream_queue|base0_q[33]  ; pll|pll|auto_generated|pll1|clk[2] ; cpu         ; 8.000        ; 2.024      ; 6.106      ;
; 3.830 ; stream_banks:stream_queue|base0[24]      ; stream_banks:stream_queue|base0_q[24]  ; pll|pll|auto_generated|pll1|clk[2] ; cpu         ; 8.000        ; 2.027      ; 6.108      ;
; 3.832 ; stream_banks:stream_queue|base1[31]      ; stream_banks:stream_queue|base1_q[31]  ; pll|pll|auto_generated|pll1|clk[2] ; cpu         ; 8.000        ; 2.392      ; 6.471      ;
; 3.838 ; stream_banks:stream_queue|base1[41]      ; stream_banks:stream_queue|base1_q[41]  ; pll|pll|auto_generated|pll1|clk[2] ; cpu         ; 8.000        ; 2.133      ; 6.206      ;
; 3.844 ; stream_banks:stream_queue|base1[3]       ; stream_banks:stream_queue|base1_q[3]   ; pll|pll|auto_generated|pll1|clk[2] ; cpu         ; 8.000        ; 2.329      ; 6.396      ;
; 3.847 ; stream_banks:stream_queue|base1[20]      ; stream_banks:stream_queue|base1_q[20]  ; pll|pll|auto_generated|pll1|clk[2] ; cpu         ; 8.000        ; 2.141      ; 6.205      ;
; 3.850 ; stream_banks:stream_queue|count0[4]      ; stream_banks:stream_queue|count0_q[4]  ; pll|pll|auto_generated|pll1|clk[2] ; cpu         ; 8.000        ; 2.432      ; 6.493      ;
; 3.861 ; stream_banks:stream_queue|base0[44]      ; stream_banks:stream_queue|base0_q[44]  ; pll|pll|auto_generated|pll1|clk[2] ; cpu         ; 8.000        ; 2.416      ; 6.466      ;
; 3.864 ; stream_banks:stream_queue|base0[4]       ; stream_banks:stream_queue|base0_q[4]   ; pll|pll|auto_generated|pll1|clk[2] ; cpu         ; 8.000        ; 2.097      ; 6.144      ;
; 3.867 ; stream_banks:stream_queue|base1[42]      ; stream_banks:stream_queue|base1_q[42]  ; pll|pll|auto_generated|pll1|clk[2] ; cpu         ; 8.000        ; 2.474      ; 6.518      ;
; 3.869 ; stream_banks:stream_queue|base0[63]      ; stream_banks:stream_queue|base0_q[63]  ; pll|pll|auto_generated|pll1|clk[2] ; cpu         ; 8.000        ; 1.740      ; 5.782      ;
; 3.870 ; stream_banks:stream_queue|base0[49]      ; stream_banks:stream_queue|base0_q[49]  ; pll|pll|auto_generated|pll1|clk[2] ; cpu         ; 8.000        ; 2.027      ; 6.068      ;
; 3.875 ; stream_banks:stream_queue|base1[27]      ; stream_banks:stream_queue|base1_q[27]  ; pll|pll|auto_generated|pll1|clk[2] ; cpu         ; 8.000        ; 2.133      ; 6.169      ;
; 3.877 ; stream_banks:stream_queue|base0[48]      ; stream_banks:stream_queue|base0_q[48]  ; pll|pll|auto_generated|pll1|clk[2] ; cpu         ; 8.000        ; 2.402      ; 6.436      ;
; 3.882 ; stream_banks:stream_queue|base0[14]      ; stream_banks:stream_queue|base0_q[14]  ; pll|pll|auto_generated|pll1|clk[2] ; cpu         ; 8.000        ; 2.019      ; 6.048      ;
; 3.884 ; stream_banks:stream_queue|base0[38]      ; stream_banks:stream_queue|base0_q[38]  ; pll|pll|auto_generated|pll1|clk[2] ; cpu         ; 8.000        ; 2.327      ; 6.354      ;
; 3.886 ; stream_banks:stream_queue|base0[11]      ; stream_banks:stream_queue|base0_q[11]  ; pll|pll|auto_generated|pll1|clk[2] ; cpu         ; 8.000        ; 2.426      ; 6.451      ;
; 3.887 ; stream_banks:stream_queue|base0[59]      ; stream_banks:stream_queue|base0_q[59]  ; pll|pll|auto_generated|pll1|clk[2] ; cpu         ; 8.000        ; 2.143      ; 6.167      ;
; 3.888 ; stream_banks:stream_queue|base0[41]      ; stream_banks:stream_queue|base0_q[41]  ; pll|pll|auto_generated|pll1|clk[2] ; cpu         ; 8.000        ; 2.143      ; 6.166      ;
; 3.890 ; stream_banks:stream_queue|base0[29]      ; stream_banks:stream_queue|base0_q[29]  ; pll|pll|auto_generated|pll1|clk[2] ; cpu         ; 8.000        ; 2.402      ; 6.423      ;
; 3.893 ; stream_banks:stream_queue|base1[25]      ; stream_banks:stream_queue|base1_q[25]  ; pll|pll|auto_generated|pll1|clk[2] ; cpu         ; 8.000        ; 2.457      ; 6.475      ;
; 3.893 ; stream_banks:stream_queue|base0[51]      ; stream_banks:stream_queue|base0_q[51]  ; pll|pll|auto_generated|pll1|clk[2] ; cpu         ; 8.000        ; 2.024      ; 6.042      ;
; 3.893 ; stream_banks:stream_queue|count1[2]      ; stream_banks:stream_queue|count1_q[2]  ; pll|pll|auto_generated|pll1|clk[2] ; cpu         ; 8.000        ; 2.388      ; 6.406      ;
; 3.901 ; stream_banks:stream_queue|base1[33]      ; stream_banks:stream_queue|base1_q[33]  ; pll|pll|auto_generated|pll1|clk[2] ; cpu         ; 8.000        ; 2.132      ; 6.142      ;
; 3.902 ; stream_banks:stream_queue|base0[6]       ; stream_banks:stream_queue|base0_q[6]   ; pll|pll|auto_generated|pll1|clk[2] ; cpu         ; 8.000        ; 2.324      ; 6.333      ;
; 3.904 ; stream_banks:stream_queue|base0[55]      ; stream_banks:stream_queue|base0_q[55]  ; pll|pll|auto_generated|pll1|clk[2] ; cpu         ; 8.000        ; 2.143      ; 6.150      ;
; 3.907 ; stream_banks:stream_queue|base1[46]      ; stream_banks:stream_queue|base1_q[46]  ; pll|pll|auto_generated|pll1|clk[2] ; cpu         ; 8.000        ; 2.126      ; 6.130      ;
; 3.907 ; stream_banks:stream_queue|count0[10]     ; stream_banks:stream_queue|count0_q[10] ; pll|pll|auto_generated|pll1|clk[2] ; cpu         ; 8.000        ; 2.425      ; 6.429      ;
; 3.907 ; stream_banks:stream_queue|base0[18]      ; stream_banks:stream_queue|base0_q[18]  ; pll|pll|auto_generated|pll1|clk[2] ; cpu         ; 8.000        ; 2.024      ; 6.028      ;
; 3.910 ; stream_banks:stream_queue|base0[17]      ; stream_banks:stream_queue|base0_q[17]  ; pll|pll|auto_generated|pll1|clk[2] ; cpu         ; 8.000        ; 2.324      ; 6.325      ;
; 3.911 ; stream_banks:stream_queue|base0[53]      ; stream_banks:stream_queue|base0_q[53]  ; pll|pll|auto_generated|pll1|clk[2] ; cpu         ; 8.000        ; 2.373      ; 6.373      ;
; 3.913 ; stream_banks:stream_queue|base1[43]      ; stream_banks:stream_queue|base1_q[43]  ; pll|pll|auto_generated|pll1|clk[2] ; cpu         ; 8.000        ; 2.126      ; 6.124      ;
; 3.914 ; stream_banks:stream_queue|count1[7]      ; stream_banks:stream_queue|count1_q[7]  ; pll|pll|auto_generated|pll1|clk[2] ; cpu         ; 8.000        ; 2.392      ; 6.389      ;
; 3.915 ; stream_banks:stream_queue|count1[5]      ; stream_banks:stream_queue|count1_q[5]  ; pll|pll|auto_generated|pll1|clk[2] ; cpu         ; 8.000        ; 2.392      ; 6.388      ;
; 3.915 ; stream_banks:stream_queue|base1[52]      ; stream_banks:stream_queue|base1_q[52]  ; pll|pll|auto_generated|pll1|clk[2] ; cpu         ; 8.000        ; 2.387      ; 6.383      ;
; 3.916 ; stream_banks:stream_queue|base1[30]      ; stream_banks:stream_queue|base1_q[30]  ; pll|pll|auto_generated|pll1|clk[2] ; cpu         ; 8.000        ; 2.142      ; 6.137      ;
; 3.916 ; stream_banks:stream_queue|base1[34]      ; stream_banks:stream_queue|base1_q[34]  ; pll|pll|auto_generated|pll1|clk[2] ; cpu         ; 8.000        ; 2.026      ; 6.021      ;
; 3.917 ; stream_banks:stream_queue|count0[1]      ; stream_banks:stream_queue|count0_q[1]  ; pll|pll|auto_generated|pll1|clk[2] ; cpu         ; 8.000        ; 2.425      ; 6.419      ;
; 3.918 ; stream_banks:stream_queue|base1[40]      ; stream_banks:stream_queue|base1_q[40]  ; pll|pll|auto_generated|pll1|clk[2] ; cpu         ; 8.000        ; 2.474      ; 6.467      ;
; 3.921 ; stream_banks:stream_queue|base0[42]      ; stream_banks:stream_queue|base0_q[42]  ; pll|pll|auto_generated|pll1|clk[2] ; cpu         ; 8.000        ; 2.143      ; 6.133      ;
; 3.928 ; stream_banks:stream_queue|base1[57]      ; stream_banks:stream_queue|base1_q[57]  ; pll|pll|auto_generated|pll1|clk[2] ; cpu         ; 8.000        ; 2.457      ; 6.440      ;
; 3.932 ; stream_banks:stream_queue|base0[45]      ; stream_banks:stream_queue|base0_q[45]  ; pll|pll|auto_generated|pll1|clk[2] ; cpu         ; 8.000        ; 2.158      ; 6.137      ;
; 3.932 ; stream_banks:stream_queue|base0[32]      ; stream_banks:stream_queue|base0_q[32]  ; pll|pll|auto_generated|pll1|clk[2] ; cpu         ; 8.000        ; 2.402      ; 6.381      ;
; 3.933 ; stream_banks:stream_queue|count0[8]      ; stream_banks:stream_queue|count0_q[8]  ; pll|pll|auto_generated|pll1|clk[2] ; cpu         ; 8.000        ; 2.009      ; 5.987      ;
; 3.934 ; stream_banks:stream_queue|base0[7]       ; stream_banks:stream_queue|base0_q[7]   ; pll|pll|auto_generated|pll1|clk[2] ; cpu         ; 8.000        ; 2.391      ; 6.368      ;
; 3.935 ; stream_banks:stream_queue|base0[43]      ; stream_banks:stream_queue|base0_q[43]  ; pll|pll|auto_generated|pll1|clk[2] ; cpu         ; 8.000        ; 2.143      ; 6.119      ;
; 3.936 ; stream_banks:stream_queue|base1[8]       ; stream_banks:stream_queue|base1_q[8]   ; pll|pll|auto_generated|pll1|clk[2] ; cpu         ; 8.000        ; 2.431      ; 6.406      ;
; 3.937 ; stream_banks:stream_queue|base0[13]      ; stream_banks:stream_queue|base0_q[13]  ; pll|pll|auto_generated|pll1|clk[2] ; cpu         ; 8.000        ; 2.025      ; 5.999      ;
; 3.938 ; stream_banks:stream_queue|base0[10]      ; stream_banks:stream_queue|base0_q[10]  ; pll|pll|auto_generated|pll1|clk[2] ; cpu         ; 8.000        ; 2.136      ; 6.109      ;
; 3.940 ; stream_banks:stream_queue|base1[13]      ; stream_banks:stream_queue|base1_q[13]  ; pll|pll|auto_generated|pll1|clk[2] ; cpu         ; 8.000        ; 2.431      ; 6.402      ;
; 3.941 ; stream_banks:stream_queue|base1[55]      ; stream_banks:stream_queue|base1_q[55]  ; pll|pll|auto_generated|pll1|clk[2] ; cpu         ; 8.000        ; 1.747      ; 5.717      ;
; 3.943 ; stream_banks:stream_queue|base0[16]      ; stream_banks:stream_queue|base0_q[16]  ; pll|pll|auto_generated|pll1|clk[2] ; cpu         ; 8.000        ; 2.138      ; 6.106      ;
; 3.951 ; stream_banks:stream_queue|base0[20]      ; stream_banks:stream_queue|base0_q[20]  ; pll|pll|auto_generated|pll1|clk[2] ; cpu         ; 8.000        ; 2.106      ; 6.066      ;
; 3.952 ; stream_banks:stream_queue|base1[16]      ; stream_banks:stream_queue|base1_q[16]  ; pll|pll|auto_generated|pll1|clk[2] ; cpu         ; 8.000        ; 2.138      ; 6.097      ;
; 3.955 ; stream_banks:stream_queue|base0[57]      ; stream_banks:stream_queue|base0_q[57]  ; pll|pll|auto_generated|pll1|clk[2] ; cpu         ; 8.000        ; 2.417      ; 6.373      ;
; 3.956 ; stream_banks:stream_queue|base0[61]      ; stream_banks:stream_queue|base0_q[61]  ; pll|pll|auto_generated|pll1|clk[2] ; cpu         ; 8.000        ; 2.402      ; 6.357      ;
; 3.958 ; stream_banks:stream_queue|base0[40]      ; stream_banks:stream_queue|base0_q[40]  ; pll|pll|auto_generated|pll1|clk[2] ; cpu         ; 8.000        ; 2.109      ; 6.062      ;
; 3.958 ; stream_banks:stream_queue|base0[23]      ; stream_banks:stream_queue|base0_q[23]  ; pll|pll|auto_generated|pll1|clk[2] ; cpu         ; 8.000        ; 2.327      ; 6.280      ;
; 3.959 ; stream_banks:stream_queue|base1[17]      ; stream_banks:stream_queue|base1_q[17]  ; pll|pll|auto_generated|pll1|clk[2] ; cpu         ; 8.000        ; 2.026      ; 5.978      ;
; 3.962 ; stream_banks:stream_queue|base1[6]       ; stream_banks:stream_queue|base1_q[6]   ; pll|pll|auto_generated|pll1|clk[2] ; cpu         ; 8.000        ; 2.323      ; 6.272      ;
; 3.964 ; stream_banks:stream_queue|base1[56]      ; stream_banks:stream_queue|base1_q[56]  ; pll|pll|auto_generated|pll1|clk[2] ; cpu         ; 8.000        ; 2.126      ; 6.073      ;
; 3.965 ; stream_banks:stream_queue|base1[48]      ; stream_banks:stream_queue|base1_q[48]  ; pll|pll|auto_generated|pll1|clk[2] ; cpu         ; 8.000        ; 2.132      ; 6.078      ;
; 3.967 ; stream_banks:stream_queue|count0[2]      ; stream_banks:stream_queue|count0_q[2]  ; pll|pll|auto_generated|pll1|clk[2] ; cpu         ; 8.000        ; 2.425      ; 6.369      ;
; 3.969 ; stream_banks:stream_queue|base0[62]      ; stream_banks:stream_queue|base0_q[62]  ; pll|pll|auto_generated|pll1|clk[2] ; cpu         ; 8.000        ; 2.158      ; 6.100      ;
; 3.973 ; stream_banks:stream_queue|base1[18]      ; stream_banks:stream_queue|base1_q[18]  ; pll|pll|auto_generated|pll1|clk[2] ; cpu         ; 8.000        ; 2.436      ; 6.374      ;
; 3.979 ; stream_banks:stream_queue|base0[37]      ; stream_banks:stream_queue|base0_q[37]  ; pll|pll|auto_generated|pll1|clk[2] ; cpu         ; 8.000        ; 2.111      ; 6.043      ;
; 3.984 ; stream_banks:stream_queue|base1[19]      ; stream_banks:stream_queue|base1_q[19]  ; pll|pll|auto_generated|pll1|clk[2] ; cpu         ; 8.000        ; 2.008      ; 5.935      ;
; 3.987 ; stream_banks:stream_queue|base0[19]      ; stream_banks:stream_queue|base0_q[19]  ; pll|pll|auto_generated|pll1|clk[2] ; cpu         ; 8.000        ; 2.025      ; 5.949      ;
; 3.987 ; stream_banks:stream_queue|count1[3]      ; stream_banks:stream_queue|count1_q[3]  ; pll|pll|auto_generated|pll1|clk[2] ; cpu         ; 8.000        ; 2.345      ; 6.269      ;
; 3.987 ; stream_banks:stream_queue|base1[32]      ; stream_banks:stream_queue|base1_q[32]  ; pll|pll|auto_generated|pll1|clk[2] ; cpu         ; 8.000        ; 2.368      ; 6.292      ;
; 3.997 ; stream_banks:stream_queue|base1[1]       ; stream_banks:stream_queue|base1_q[1]   ; pll|pll|auto_generated|pll1|clk[2] ; cpu         ; 8.000        ; 2.323      ; 6.237      ;
; 3.997 ; stream_banks:stream_queue|base0[1]       ; stream_banks:stream_queue|base0_q[1]   ; pll|pll|auto_generated|pll1|clk[2] ; cpu         ; 8.000        ; 2.110      ; 6.024      ;
; 3.999 ; stream_banks:stream_queue|base0[34]      ; stream_banks:stream_queue|base0_q[34]  ; pll|pll|auto_generated|pll1|clk[2] ; cpu         ; 8.000        ; 2.024      ; 5.936      ;
; 4.000 ; stream_banks:stream_queue|base1[23]      ; stream_banks:stream_queue|base1_q[23]  ; pll|pll|auto_generated|pll1|clk[2] ; cpu         ; 8.000        ; 1.747      ; 5.658      ;
; 4.001 ; stream_banks:stream_queue|base1[24]      ; stream_banks:stream_queue|base1_q[24]  ; pll|pll|auto_generated|pll1|clk[2] ; cpu         ; 8.000        ; 2.126      ; 6.036      ;
; 4.006 ; stream_banks:stream_queue|base1[2]       ; stream_banks:stream_queue|base1_q[2]   ; pll|pll|auto_generated|pll1|clk[2] ; cpu         ; 8.000        ; 2.133      ; 6.038      ;
; 4.014 ; stream_banks:stream_queue|base1[58]      ; stream_banks:stream_queue|base1_q[58]  ; pll|pll|auto_generated|pll1|clk[2] ; cpu         ; 8.000        ; 2.457      ; 6.354      ;
; 4.016 ; stream_banks:stream_queue|base1[47]      ; stream_banks:stream_queue|base1_q[47]  ; pll|pll|auto_generated|pll1|clk[2] ; cpu         ; 8.000        ; 1.747      ; 5.642      ;
; 4.016 ; stream_banks:stream_queue|base1[7]       ; stream_banks:stream_queue|base1_q[7]   ; pll|pll|auto_generated|pll1|clk[2] ; cpu         ; 8.000        ; 2.100      ; 5.995      ;
; 4.016 ; stream_banks:stream_queue|base0[0]       ; stream_banks:stream_queue|base0_q[0]   ; pll|pll|auto_generated|pll1|clk[2] ; cpu         ; 8.000        ; 2.404      ; 6.299      ;
; 4.021 ; stream_banks:stream_queue|base1[14]      ; stream_banks:stream_queue|base1_q[14]  ; pll|pll|auto_generated|pll1|clk[2] ; cpu         ; 8.000        ; 2.126      ; 6.016      ;
; 4.023 ; stream_banks:stream_queue|count1[1]      ; stream_banks:stream_queue|count1_q[1]  ; pll|pll|auto_generated|pll1|clk[2] ; cpu         ; 8.000        ; 2.388      ; 6.276      ;
; 4.024 ; stream_banks:stream_queue|count1[6]      ; stream_banks:stream_queue|count1_q[6]  ; pll|pll|auto_generated|pll1|clk[2] ; cpu         ; 8.000        ; 2.389      ; 6.276      ;
; 4.025 ; stream_banks:stream_queue|base1[11]      ; stream_banks:stream_queue|base1_q[11]  ; pll|pll|auto_generated|pll1|clk[2] ; cpu         ; 8.000        ; 2.426      ; 6.312      ;
; 4.028 ; stream_banks:stream_queue|base0[25]      ; stream_banks:stream_queue|base0_q[25]  ; pll|pll|auto_generated|pll1|clk[2] ; cpu         ; 8.000        ; 2.427      ; 6.310      ;
; 4.029 ; stream_banks:stream_queue|base0[60]      ; stream_banks:stream_queue|base0_q[60]  ; pll|pll|auto_generated|pll1|clk[2] ; cpu         ; 8.000        ; 2.416      ; 6.298      ;
; 4.035 ; stream_banks:stream_queue|base1[4]       ; stream_banks:stream_queue|base1_q[4]   ; pll|pll|auto_generated|pll1|clk[2] ; cpu         ; 8.000        ; 1.747      ; 5.623      ;
; 4.038 ; stream_banks:stream_queue|base0[54]      ; stream_banks:stream_queue|base0_q[54]  ; pll|pll|auto_generated|pll1|clk[2] ; cpu         ; 8.000        ; 2.379      ; 6.252      ;
; 4.039 ; stream_banks:stream_queue|count1[10]     ; stream_banks:stream_queue|count1_q[10] ; pll|pll|auto_generated|pll1|clk[2] ; cpu         ; 8.000        ; 2.416      ; 6.288      ;
; 4.044 ; stream_banks:stream_queue|base0[50]      ; stream_banks:stream_queue|base0_q[50]  ; pll|pll|auto_generated|pll1|clk[2] ; cpu         ; 8.000        ; 2.024      ; 5.891      ;
; 4.045 ; stream_banks:stream_queue|base0[39]      ; stream_banks:stream_queue|base0_q[39]  ; pll|pll|auto_generated|pll1|clk[2] ; cpu         ; 8.000        ; 2.111      ; 5.977      ;
; 4.047 ; stream_banks:stream_queue|base0[31]      ; stream_banks:stream_queue|base0_q[31]  ; pll|pll|auto_generated|pll1|clk[2] ; cpu         ; 8.000        ; 1.755      ; 5.619      ;
; 4.049 ; stream_banks:stream_queue|base1[38]      ; stream_banks:stream_queue|base1_q[38]  ; pll|pll|auto_generated|pll1|clk[2] ; cpu         ; 8.000        ; 2.347      ; 6.209      ;
; 4.052 ; stream_banks:stream_queue|count1[4]      ; stream_banks:stream_queue|count1_q[4]  ; pll|pll|auto_generated|pll1|clk[2] ; cpu         ; 8.000        ; 2.394      ; 6.253      ;
; 4.053 ; stream_banks:stream_queue|base1[29]      ; stream_banks:stream_queue|base1_q[29]  ; pll|pll|auto_generated|pll1|clk[2] ; cpu         ; 8.000        ; 2.133      ; 5.991      ;
; 4.058 ; stream_banks:stream_queue|base1[44]      ; stream_banks:stream_queue|base1_q[44]  ; pll|pll|auto_generated|pll1|clk[2] ; cpu         ; 8.000        ; 2.416      ; 6.269      ;
; 4.061 ; stream_banks:stream_queue|base1[63]      ; stream_banks:stream_queue|base1_q[63]  ; pll|pll|auto_generated|pll1|clk[2] ; cpu         ; 8.000        ; 2.458      ; 6.308      ;
; 4.061 ; stream_banks:stream_queue|base1[0]       ; stream_banks:stream_queue|base1_q[0]   ; pll|pll|auto_generated|pll1|clk[2] ; cpu         ; 8.000        ; 2.126      ; 5.976      ;
; 4.068 ; stream_banks:stream_queue|single_last[0] ; stream_banks:stream_queue|single_q[0]  ; pll|pll|auto_generated|pll1|clk[2] ; cpu         ; 8.000        ; 2.113      ; 5.956      ;
; 4.073 ; stream_banks:stream_queue|count0[5]      ; stream_banks:stream_queue|count0_q[5]  ; pll|pll|auto_generated|pll1|clk[2] ; cpu         ; 8.000        ; 2.411      ; 6.249      ;
; 4.077 ; stream_banks:stream_queue|base1[39]      ; stream_banks:stream_queue|base1_q[39]  ; pll|pll|auto_generated|pll1|clk[2] ; cpu         ; 8.000        ; 2.405      ; 6.239      ;
; 4.084 ; stream_banks:stream_queue|base1[12]      ; stream_banks:stream_queue|base1_q[12]  ; pll|pll|auto_generated|pll1|clk[2] ; cpu         ; 8.000        ; 2.110      ; 5.937      ;
; 4.085 ; stream_banks:stream_queue|base0[21]      ; stream_banks:stream_queue|base0_q[21]  ; pll|pll|auto_generated|pll1|clk[2] ; cpu         ; 8.000        ; 2.109      ; 5.935      ;
; 4.088 ; stream_banks:stream_queue|count0[7]      ; stream_banks:stream_queue|count0_q[7]  ; pll|pll|auto_generated|pll1|clk[2] ; cpu         ; 8.000        ; 2.392      ; 6.215      ;
; 4.093 ; stream_banks:stream_queue|base1[9]       ; stream_banks:stream_queue|base1_q[9]   ; pll|pll|auto_generated|pll1|clk[2] ; cpu         ; 8.000        ; 2.019      ; 5.837      ;
; 4.095 ; stream_banks:stream_queue|count0[6]      ; stream_banks:stream_queue|count0_q[6]  ; pll|pll|auto_generated|pll1|clk[2] ; cpu         ; 8.000        ; 2.318      ; 6.134      ;
; 4.104 ; stream_banks:stream_queue|base1[35]      ; stream_banks:stream_queue|base1_q[35]  ; pll|pll|auto_generated|pll1|clk[2] ; cpu         ; 8.000        ; 2.111      ; 5.918      ;
; 4.107 ; stream_banks:stream_queue|base0[27]      ; stream_banks:stream_queue|base0_q[27]  ; pll|pll|auto_generated|pll1|clk[2] ; cpu         ; 8.000        ; 2.106      ; 5.910      ;
; 4.109 ; stream_banks:stream_queue|base1[37]      ; stream_banks:stream_queue|base1_q[37]  ; pll|pll|auto_generated|pll1|clk[2] ; cpu         ; 8.000        ; 2.379      ; 6.181      ;
; 4.112 ; stream_banks:stream_queue|single_last[1] ; stream_banks:stream_queue|single_q[1]  ; pll|pll|auto_generated|pll1|clk[2] ; cpu         ; 8.000        ; 2.133      ; 5.932      ;
; 4.120 ; stream_banks:stream_queue|base0[26]      ; stream_banks:stream_queue|base0_q[26]  ; pll|pll|auto_generated|pll1|clk[2] ; cpu         ; 8.000        ; 2.143      ; 5.934      ;
; 4.135 ; stream_banks:stream_queue|base0[12]      ; stream_banks:stream_queue|base0_q[12]  ; pll|pll|auto_generated|pll1|clk[2] ; cpu         ; 8.000        ; 2.136      ; 5.912      ;
; 4.141 ; stream_banks:stream_queue|count1[9]      ; stream_banks:stream_queue|count1_q[9]  ; pll|pll|auto_generated|pll1|clk[2] ; cpu         ; 8.000        ; 2.416      ; 6.186      ;
; 4.158 ; stream_banks:stream_queue|base1[10]      ; stream_banks:stream_queue|base1_q[10]  ; pll|pll|auto_generated|pll1|clk[2] ; cpu         ; 8.000        ; 2.143      ; 5.896      ;
; 4.166 ; stream_banks:stream_queue|base1[5]       ; stream_banks:stream_queue|base1_q[5]   ; pll|pll|auto_generated|pll1|clk[2] ; cpu         ; 8.000        ; 2.405      ; 6.150      ;
; 4.166 ; stream_banks:stream_queue|base0[52]      ; stream_banks:stream_queue|base0_q[52]  ; pll|pll|auto_generated|pll1|clk[2] ; cpu         ; 8.000        ; 2.101      ; 5.846      ;
; 4.174 ; stream_banks:stream_queue|count0[9]      ; stream_banks:stream_queue|count0_q[9]  ; pll|pll|auto_generated|pll1|clk[2] ; cpu         ; 8.000        ; 2.009      ; 5.746      ;
; 4.175 ; stream_banks:stream_queue|count1[8]      ; stream_banks:stream_queue|count1_q[8]  ; pll|pll|auto_generated|pll1|clk[2] ; cpu         ; 8.000        ; 2.394      ; 6.130      ;
; 4.196 ; stream_banks:stream_queue|base1[15]      ; stream_banks:stream_queue|base1_q[15]  ; pll|pll|auto_generated|pll1|clk[2] ; cpu         ; 8.000        ; 1.749      ; 5.464      ;
; 4.201 ; stream_banks:stream_queue|count0[0]      ; stream_banks:stream_queue|count0_q[0]  ; pll|pll|auto_generated|pll1|clk[2] ; cpu         ; 8.000        ; 2.338      ; 6.048      ;
; 4.203 ; stream_banks:stream_queue|base0[15]      ; stream_banks:stream_queue|base0_q[15]  ; pll|pll|auto_generated|pll1|clk[2] ; cpu         ; 8.000        ; 2.473      ; 6.181      ;
; 4.216 ; stream_banks:stream_queue|count0[3]      ; stream_banks:stream_queue|count0_q[3]  ; pll|pll|auto_generated|pll1|clk[2] ; cpu         ; 8.000        ; 2.113      ; 5.808      ;
; 4.235 ; stream_banks:stream_queue|count1[0]      ; stream_banks:stream_queue|count1_q[0]  ; pll|pll|auto_generated|pll1|clk[2] ; cpu         ; 8.000        ; 2.394      ; 6.070      ;
+-------+------------------------------------------+----------------------------------------+------------------------------------+-------------+--------------+------------+------------+
